Archive member included to satisfy reference by file (symbol)

c:/progra~2/gnuarm~1/102021~1.10/bin/../lib/gcc/arm-none-eabi/10.3.1/thumb/v6-m/nofp\libgcc.a(_dvmd_tls.o)
                              CMakeFiles/final.dir/C_/Users/zl823/Desktop/github/pico-sdk/src/rp2_common/pico_divider/divider.S.obj (__aeabi_idiv0)
c:/progra~2/gnuarm~1/102021~1.10/bin/../lib/gcc/arm-none-eabi/10.3.1/../../../../arm-none-eabi/lib/thumb/v6-m/nofp\libc.a(lib_a-calloc.o)
                              CMakeFiles/final.dir/C_/Users/zl823/Desktop/github/pico-sdk/src/rp2_common/pico_malloc/pico_malloc.c.obj (calloc)
c:/progra~2/gnuarm~1/102021~1.10/bin/../lib/gcc/arm-none-eabi/10.3.1/../../../../arm-none-eabi/lib/thumb/v6-m/nofp\libc.a(lib_a-callocr.o)
                              c:/progra~2/gnuarm~1/102021~1.10/bin/../lib/gcc/arm-none-eabi/10.3.1/../../../../arm-none-eabi/lib/thumb/v6-m/nofp\libc.a(lib_a-calloc.o) (_calloc_r)
c:/progra~2/gnuarm~1/102021~1.10/bin/../lib/gcc/arm-none-eabi/10.3.1/../../../../arm-none-eabi/lib/thumb/v6-m/nofp\libc.a(lib_a-errno.o)
                              c:/progra~2/gnuarm~1/102021~1.10/bin/../lib/gcc/arm-none-eabi/10.3.1/../../../../arm-none-eabi/lib/thumb/v6-m/nofp\libc.a(lib_a-callocr.o) (__errno)
c:/progra~2/gnuarm~1/102021~1.10/bin/../lib/gcc/arm-none-eabi/10.3.1/../../../../arm-none-eabi/lib/thumb/v6-m/nofp\libc.a(lib_a-impure.o)
                              c:/progra~2/gnuarm~1/102021~1.10/bin/../lib/gcc/arm-none-eabi/10.3.1/../../../../arm-none-eabi/lib/thumb/v6-m/nofp\libc.a(lib_a-calloc.o) (_impure_ptr)
c:/progra~2/gnuarm~1/102021~1.10/bin/../lib/gcc/arm-none-eabi/10.3.1/../../../../arm-none-eabi/lib/thumb/v6-m/nofp\libc.a(lib_a-init.o)
                              c:/progra~2/gnuarm~1/102021~1.10/bin/../lib/gcc/arm-none-eabi/10.3.1/../../../../arm-none-eabi/lib/thumb/v6-m/nofp/crt0.o (__libc_init_array)
c:/progra~2/gnuarm~1/102021~1.10/bin/../lib/gcc/arm-none-eabi/10.3.1/../../../../arm-none-eabi/lib/thumb/v6-m/nofp\libc.a(lib_a-malloc.o)
                              CMakeFiles/final.dir/C_/Users/zl823/Desktop/github/pico-sdk/src/rp2_common/pico_malloc/pico_malloc.c.obj (malloc)
c:/progra~2/gnuarm~1/102021~1.10/bin/../lib/gcc/arm-none-eabi/10.3.1/../../../../arm-none-eabi/lib/thumb/v6-m/nofp\libc.a(lib_a-mallocr.o)
                              c:/progra~2/gnuarm~1/102021~1.10/bin/../lib/gcc/arm-none-eabi/10.3.1/../../../../arm-none-eabi/lib/thumb/v6-m/nofp\libc.a(lib_a-callocr.o) (_malloc_r)
c:/progra~2/gnuarm~1/102021~1.10/bin/../lib/gcc/arm-none-eabi/10.3.1/../../../../arm-none-eabi/lib/thumb/v6-m/nofp\libc.a(lib_a-mlock.o)
                              c:/progra~2/gnuarm~1/102021~1.10/bin/../lib/gcc/arm-none-eabi/10.3.1/../../../../arm-none-eabi/lib/thumb/v6-m/nofp\libc.a(lib_a-mallocr.o) (__malloc_lock)
c:/progra~2/gnuarm~1/102021~1.10/bin/../lib/gcc/arm-none-eabi/10.3.1/../../../../arm-none-eabi/lib/thumb/v6-m/nofp\libc.a(lib_a-realloc.o)
                              CMakeFiles/final.dir/C_/Users/zl823/Desktop/github/pico-sdk/src/rp2_common/pico_malloc/pico_malloc.c.obj (realloc)
c:/progra~2/gnuarm~1/102021~1.10/bin/../lib/gcc/arm-none-eabi/10.3.1/../../../../arm-none-eabi/lib/thumb/v6-m/nofp\libc.a(lib_a-reallocr.o)
                              c:/progra~2/gnuarm~1/102021~1.10/bin/../lib/gcc/arm-none-eabi/10.3.1/../../../../arm-none-eabi/lib/thumb/v6-m/nofp\libc.a(lib_a-realloc.o) (_realloc_r)
c:/progra~2/gnuarm~1/102021~1.10/bin/../lib/gcc/arm-none-eabi/10.3.1/../../../../arm-none-eabi/lib/thumb/v6-m/nofp\libc.a(lib_a-sbrkr.o)
                              c:/progra~2/gnuarm~1/102021~1.10/bin/../lib/gcc/arm-none-eabi/10.3.1/../../../../arm-none-eabi/lib/thumb/v6-m/nofp\libc.a(lib_a-mallocr.o) (_sbrk_r)
c:/progra~2/gnuarm~1/102021~1.10/bin/../lib/gcc/arm-none-eabi/10.3.1/../../../../arm-none-eabi/lib/thumb/v6-m/nofp\libc.a(lib_a-strlen-stub.o)
                              CMakeFiles/final.dir/C_/Users/zl823/Desktop/github/pico-sdk/src/rp2_common/pico_stdio/stdio.c.obj (strlen)
c:/progra~2/gnuarm~1/102021~1.10/bin/../lib/gcc/arm-none-eabi/10.3.1/../../../../arm-none-eabi/lib/thumb/v6-m/nofp\libc.a(lib_a-freer.o)
                              c:/progra~2/gnuarm~1/102021~1.10/bin/../lib/gcc/arm-none-eabi/10.3.1/../../../../arm-none-eabi/lib/thumb/v6-m/nofp\libc.a(lib_a-malloc.o) (_free_r)
c:/progra~2/gnuarm~1/102021~1.10/bin/../lib/gcc/arm-none-eabi/10.3.1/../../../../arm-none-eabi/lib/thumb/v6-m/nofp\libc.a(lib_a-lock.o)
                              c:/progra~2/gnuarm~1/102021~1.10/bin/../lib/gcc/arm-none-eabi/10.3.1/../../../../arm-none-eabi/lib/thumb/v6-m/nofp\libc.a(lib_a-mlock.o) (__retarget_lock_acquire_recursive)
c:/progra~2/gnuarm~1/102021~1.10/bin/../lib/gcc/arm-none-eabi/10.3.1/../../../../arm-none-eabi/lib/thumb/v6-m/nofp\libc.a(lib_a-memmove.o)
                              c:/progra~2/gnuarm~1/102021~1.10/bin/../lib/gcc/arm-none-eabi/10.3.1/../../../../arm-none-eabi/lib/thumb/v6-m/nofp\libc.a(lib_a-reallocr.o) (memmove)
[...]
Memory Configuration

Name             Origin             Length             Attributes
FLASH            0x10000000         0x00200000         xr
RAM              0x20000000         0x00040000         xrw
SCRATCH_X        0x20040000         0x00001000         xrw
SCRATCH_Y        0x20041000         0x00001000         xrw
*default*        0x00000000         0xffffffff

Linker script and memory map

LOAD c:/progra~2/gnuarm~1/102021~1.10/bin/../lib/gcc/arm-none-eabi/10.3.1/thumb/v6-m/nofp/crti.o
LOAD c:/progra~2/gnuarm~1/102021~1.10/bin/../lib/gcc/arm-none-eabi/10.3.1/thumb/v6-m/nofp/crtbegin.o
LOAD c:/progra~2/gnuarm~1/102021~1.10/bin/../lib/gcc/arm-none-eabi/10.3.1/../../../../arm-none-eabi/lib/thumb/v6-m/nofp/crt0.o

.flash_begin    0x10000000        0x0
                0x10000000                __flash_binary_start = .

.boot2          0x10000000      0x100
                0x10000000                __boot2_start__ = .
 *(.boot2)
 .boot2         0x10000000      0x100 C:\Users\zl823\AppData\Local\Temp\ccUiW5tn.o
                0x10000100                __boot2_end__ = .
                0x00000001                ASSERT (((__boot2_end__ - __boot2_start__) == 0x100), ERROR: Pico second stage bootloader must be 256 bytes in size)

.text           0x10000100     0x6ef8
                0x10000100                __logical_binary_start = .
 *(.vectors)
 .vectors       0x10000100       0xd4 CMakeFiles/final.dir/C_/Users/zl823/Desktop/github/pico-sdk/src/rp2_common/pico_standard_link/crt0.S.obj
                0x10000100                __VECTOR_TABLE
                0x10000100                __vectors
                0x100001c0                isr_invalid
                0x100001c0                __default_isrs_start
                0x100001c2                isr_nmi
                0x100001c4                isr_hardfault
                0x100001c6                isr_svcall
                0x100001c8                isr_pendsv
                0x100001ca                isr_systick
                0x100001cc                isr_irq23
                0x100001cc                isr_irq18
                0x100001cc                isr_irq11
                0x100001cc                isr_irq28
                0x100001cc                isr_irq19
                0x100001cc                isr_irq0
                0x100001cc                isr_irq6
                0x100001cc                isr_irq5
                0x100001cc                isr_irq12
                0x100001cc                isr_irq22
                0x100001cc                isr_irq31
                0x100001cc                isr_irq17
                0x100001cc                isr_irq27
                0x100001cc                isr_irq30
                0x100001cc                isr_irq2
                0x100001cc                isr_irq10
                0x100001cc                isr_irq8
                0x100001cc                isr_irq24
                0x100001cc                isr_irq1
                0x100001cc                isr_irq7
                0x100001cc                isr_irq21
                0x100001cc                isr_irq20
                0x100001cc                isr_irq15
                0x100001cc                isr_irq25
                0x100001cc                isr_irq13
                0x100001cc                __unhandled_user_irq
                0x100001cc                isr_irq4
                0x100001cc                isr_irq16
                0x100001cc                isr_irq29
                0x100001cc                isr_irq26
                0x100001cc                __default_isrs_end
                0x100001cc                isr_irq3
                0x100001cc                isr_irq14
                0x100001cc                isr_irq9
                0x100001d2                unhandled_user_irq_num_in_r0
 *(.binary_info_header)
 .binary_info_header
                0x100001d4       0x14 CMakeFiles/final.dir/C_/Users/zl823/Desktop/github/pico-sdk/src/rp2_common/pico_standard_link/crt0.S.obj
                0x100001e8                __binary_info_header_end = .
 *(.reset)
 .reset         0x100001e8       0xa0 CMakeFiles/final.dir/C_/Users/zl823/Desktop/github/pico-sdk/src/rp2_common/pico_standard_link/crt0.S.obj
                0x100001e8                _entry_point
 .reset         0x10000288       0x30 CMakeFiles/final.dir/C_/Users/zl823/Desktop/github/pico-sdk/src/rp2_common/pico_standard_link/binary_info.c.obj
 *(.init)
 .init          0x100002b8        0x4 c:/progra~2/gnuarm~1/102021~1.10/bin/../lib/gcc/arm-none-eabi/10.3.1/thumb/v6-m/nofp/crti.o
                0x100002b8                _init
 *(EXCLUDE_FILE(*libm.a: *libc.a:*lib_a-mem*.o *libgcc.a:) .text*)
 .text          0x100002bc       0x48 c:/progra~2/gnuarm~1/102021~1.10/bin/../lib/gcc/arm-none-eabi/10.3.1/thumb/v6-m/nofp/crtbegin.o
 .text.protothread_sched.constprop.0.isra.0
                0x10000304       0x70 CMakeFiles/final.dir/main.c.obj
 .text.protothread_sched1.constprop.0.isra.0
                0x10000374       0x70 CMakeFiles/final.dir/main.c.obj
 .text.core1_entry
                0x100003e4       0x84 CMakeFiles/final.dir/main.c.obj
                0x100003e4                core1_entry
 .text.draw_UI  0x10000468      0x1a0 CMakeFiles/final.dir/main.c.obj
                0x10000468                draw_UI
 .text.detect_keypad
                0x10000608      0x114 CMakeFiles/final.dir/main.c.obj
                0x10000608                detect_keypad
 .text.draw_rotation_platform
                0x1000071c       0xf4 CMakeFiles/final.dir/main.c.obj
                0x1000071c                draw_rotation_platform
 .text.protothread_vga
                0x10000810      0x314 CMakeFiles/final.dir/main.c.obj
 .text.protothread_serial
                0x10000b24      0x478 CMakeFiles/final.dir/main.c.obj
 .text.startup.main
                0x10000f9c      0x10c CMakeFiles/final.dir/main.c.obj
                0x10000f9c                main
 .text.initVGA  0x100010a8      0x204 CMakeFiles/final.dir/vga_graphics.c.obj
                0x100010a8                initVGA
 .text.drawLine
                0x100012ac      0x1b4 CMakeFiles/final.dir/vga_graphics.c.obj
                0x100012ac                drawLine
 .text.drawRect
                0x10001460      0x254 CMakeFiles/final.dir/vga_graphics.c.obj
                0x10001460                drawRect
 .text.drawCircle
                0x100016b4      0x408 CMakeFiles/final.dir/vga_graphics.c.obj
                0x100016b4                drawCircle
 .text.fillRect
                0x10001abc       0xd0 CMakeFiles/final.dir/vga_graphics.c.obj
                0x10001abc                fillRect
 .text.drawChar
                0x10001b8c      0x32c CMakeFiles/final.dir/vga_graphics.c.obj
                0x10001b8c                drawChar
 .text.setCursor
                0x10001eb8       0x14 CMakeFiles/final.dir/vga_graphics.c.obj
                0x10001eb8                setCursor
 .text.setTextSize
                0x10001ecc       0x14 CMakeFiles/final.dir/vga_graphics.c.obj
                0x10001ecc                setTextSize
 .text.setTextColor2
                0x10001ee0       0x14 CMakeFiles/final.dir/vga_graphics.c.obj
                0x10001ee0                setTextColor2
 .text.writeString
                0x10001ef4       0xd4 CMakeFiles/final.dir/vga_graphics.c.obj
                0x10001ef4                writeString
 .text.gpio_set_function
                0x10001fc8       0x30 CMakeFiles/final.dir/C_/Users/zl823/Desktop/github/pico-sdk/src/rp2_common/hardware_gpio/gpio.c.obj
                0x10001fc8                gpio_set_function
 .text.gpio_set_pulls
                0x10001ff8       0x30 CMakeFiles/final.dir/C_/Users/zl823/Desktop/github/pico-sdk/src/rp2_common/hardware_gpio/gpio.c.obj
                0x10001ff8                gpio_set_pulls
 .text.gpio_init
                0x10002028       0x3c CMakeFiles/final.dir/C_/Users/zl823/Desktop/github/pico-sdk/src/rp2_common/hardware_gpio/gpio.c.obj
                0x10002028                gpio_init
 .text.gpio_init_mask
                0x10002064       0x68 CMakeFiles/final.dir/C_/Users/zl823/Desktop/github/pico-sdk/src/rp2_common/hardware_gpio/gpio.c.obj
                0x10002064                gpio_init_mask
 .text.running_on_fpga
                0x100020cc       0x10 CMakeFiles/final.dir/C_/Users/zl823/Desktop/github/pico-sdk/src/rp2_common/pico_platform/platform.c.obj
                0x100020cc                running_on_fpga
 .text.hw_claim_lock
                0x100020dc       0x18 CMakeFiles/final.dir/C_/Users/zl823/Desktop/github/pico-sdk/src/rp2_common/hardware_claim/claim.c.obj
                0x100020dc                hw_claim_lock
 .text.hw_claim_unlock
                0x100020f4       0x14 CMakeFiles/final.dir/C_/Users/zl823/Desktop/github/pico-sdk/src/rp2_common/hardware_claim/claim.c.obj
                0x100020f4                hw_claim_unlock
 .text.hw_claim_or_assert
                0x10002108       0x44 CMakeFiles/final.dir/C_/Users/zl823/Desktop/github/pico-sdk/src/rp2_common/hardware_claim/claim.c.obj
                0x10002108                hw_claim_or_assert
 .text.spin_locks_reset
                0x1000214c       0x1c CMakeFiles/final.dir/C_/Users/zl823/Desktop/github/pico-sdk/src/rp2_common/hardware_sync/sync.c.obj
                0x1000214c                spin_locks_reset
 .text.next_striped_spin_lock_num
                0x10002168       0x18 CMakeFiles/final.dir/C_/Users/zl823/Desktop/github/pico-sdk/src/rp2_common/hardware_sync/sync.c.obj
                0x10002168                next_striped_spin_lock_num
 .text.irq_set_enabled
                0x10002180       0x24 CMakeFiles/final.dir/C_/Users/zl823/Desktop/github/pico-sdk/src/rp2_common/hardware_irq/irq.c.obj
                0x10002180                irq_set_enabled
 .text.irq_is_enabled
                0x100021a4       0x18 CMakeFiles/final.dir/C_/Users/zl823/Desktop/github/pico-sdk/src/rp2_common/hardware_irq/irq.c.obj
                0x100021a4                irq_is_enabled
 .text.irq_get_vtable_handler
                0x100021bc       0x10 CMakeFiles/final.dir/C_/Users/zl823/Desktop/github/pico-sdk/src/rp2_common/hardware_irq/irq.c.obj
                0x100021bc                irq_get_vtable_handler
 .text.irq_set_exclusive_handler
                0x100021cc       0x54 CMakeFiles/final.dir/C_/Users/zl823/Desktop/github/pico-sdk/src/rp2_common/hardware_irq/irq.c.obj
                0x100021cc                irq_set_exclusive_handler
 .text.irq_remove_handler
                0x10002220      0x1b0 CMakeFiles/final.dir/C_/Users/zl823/Desktop/github/pico-sdk/src/rp2_common/hardware_irq/irq.c.obj
                0x10002220                irq_remove_handler
 .text.irq_add_tail_to_free_list
                0x100023d0       0xb4 CMakeFiles/final.dir/C_/Users/zl823/Desktop/github/pico-sdk/src/rp2_common/hardware_irq/irq.c.obj
                0x100023d0                irq_add_tail_to_free_list
 .text.irq_init_priorities
                0x10002484       0x24 CMakeFiles/final.dir/C_/Users/zl823/Desktop/github/pico-sdk/src/rp2_common/hardware_irq/irq.c.obj
                0x10002484                irq_init_priorities
 .text.lock_init
                0x100024a8       0x10 CMakeFiles/final.dir/C_/Users/zl823/Desktop/github/pico-sdk/src/common/pico_sync/lock_core.c.obj
                0x100024a8                lock_init
 .text.mutex_init
                0x100024b8       0x1c CMakeFiles/final.dir/C_/Users/zl823/Desktop/github/pico-sdk/src/common/pico_sync/mutex.c.obj
                0x100024b8                mutex_init
 .text.recursive_mutex_init
                0x100024d4       0x1c CMakeFiles/final.dir/C_/Users/zl823/Desktop/github/pico-sdk/src/common/pico_sync/mutex.c.obj
                0x100024d4                recursive_mutex_init
 .text.timer_pool_entry_comparator
                0x100024f0       0x34 CMakeFiles/final.dir/C_/Users/zl823/Desktop/github/pico-sdk/src/common/pico_time/time.c.obj
                0x100024f0                timer_pool_entry_comparator
 .text.sleep_until_callback
                0x10002524       0x30 CMakeFiles/final.dir/C_/Users/zl823/Desktop/github/pico-sdk/src/common/pico_time/time.c.obj
 .text.add_alarm_under_lock.isra.0
                0x10002554      0x100 CMakeFiles/final.dir/C_/Users/zl823/Desktop/github/pico-sdk/src/common/pico_time/time.c.obj
 .text.alarm_pool_alarm_callback
                0x10002654      0x1bc CMakeFiles/final.dir/C_/Users/zl823/Desktop/github/pico-sdk/src/common/pico_time/time.c.obj
 .text.alarm_pool_init_default
                0x10002810       0x6c CMakeFiles/final.dir/C_/Users/zl823/Desktop/github/pico-sdk/src/common/pico_time/time.c.obj
                0x10002810                alarm_pool_init_default
 .text.alarm_pool_add_alarm_at
                0x1000287c      0x178 CMakeFiles/final.dir/C_/Users/zl823/Desktop/github/pico-sdk/src/common/pico_time/time.c.obj
                0x1000287c                alarm_pool_add_alarm_at
 .text.sleep_until
                0x100029f4       0xc4 CMakeFiles/final.dir/C_/Users/zl823/Desktop/github/pico-sdk/src/common/pico_time/time.c.obj
                0x100029f4                sleep_until
 .text.sleep_us
                0x10002ab8       0x24 CMakeFiles/final.dir/C_/Users/zl823/Desktop/github/pico-sdk/src/common/pico_time/time.c.obj
                0x10002ab8                sleep_us
 .text.sleep_ms
                0x10002adc       0x34 CMakeFiles/final.dir/C_/Users/zl823/Desktop/github/pico-sdk/src/common/pico_time/time.c.obj
                0x10002adc                sleep_ms
 .text.best_effort_wfe_or_timeout
                0x10002b10       0xd4 CMakeFiles/final.dir/C_/Users/zl823/Desktop/github/pico-sdk/src/common/pico_time/time.c.obj
                0x10002b10                best_effort_wfe_or_timeout
 .text.hardware_alarm_irq_handler
                0x10002be4       0xbc CMakeFiles/final.dir/C_/Users/zl823/Desktop/github/pico-sdk/src/rp2_common/hardware_timer/timer.c.obj
 .text.hardware_alarm_claim
                0x10002ca0       0x18 CMakeFiles/final.dir/C_/Users/zl823/Desktop/github/pico-sdk/src/rp2_common/hardware_timer/timer.c.obj
                0x10002ca0                hardware_alarm_claim
 .text.time_us_64
                0x10002cb8       0x14 CMakeFiles/final.dir/C_/Users/zl823/Desktop/github/pico-sdk/src/rp2_common/hardware_timer/timer.c.obj
                0x10002cb8                time_us_64
 .text.busy_wait_us
                0x10002ccc       0x54 CMakeFiles/final.dir/C_/Users/zl823/Desktop/github/pico-sdk/src/rp2_common/hardware_timer/timer.c.obj
                0x10002ccc                busy_wait_us
 .text.busy_wait_until
                0x10002d20       0x20 CMakeFiles/final.dir/C_/Users/zl823/Desktop/github/pico-sdk/src/rp2_common/hardware_timer/timer.c.obj
                0x10002d20                busy_wait_until
 .text.hardware_alarm_set_callback
                0x10002d40       0x8c CMakeFiles/final.dir/C_/Users/zl823/Desktop/github/pico-sdk/src/rp2_common/hardware_timer/timer.c.obj
                0x10002d40                hardware_alarm_set_callback
 .text.hardware_alarm_set_target
                0x10002dcc       0xd4 CMakeFiles/final.dir/C_/Users/zl823/Desktop/github/pico-sdk/src/rp2_common/hardware_timer/timer.c.obj
                0x10002dcc                hardware_alarm_set_target
 .text.hardware_alarm_cancel
                0x10002ea0       0x3c CMakeFiles/final.dir/C_/Users/zl823/Desktop/github/pico-sdk/src/rp2_common/hardware_timer/timer.c.obj
                0x10002ea0                hardware_alarm_cancel
 .text.ph_merge_nodes
                0x10002edc       0x68 CMakeFiles/final.dir/C_/Users/zl823/Desktop/github/pico-sdk/src/common/pico_util/pheap.c.obj
 .text.ph_post_alloc_init
                0x10002f44       0x3c CMakeFiles/final.dir/C_/Users/zl823/Desktop/github/pico-sdk/src/common/pico_util/pheap.c.obj
                0x10002f44                ph_post_alloc_init
 .text.ph_merge_two_pass
                0x10002f80       0x90 CMakeFiles/final.dir/C_/Users/zl823/Desktop/github/pico-sdk/src/common/pico_util/pheap.c.obj
                0x10002f80                ph_merge_two_pass
 .text.ph_remove_any_head
                0x10003010      0x100 CMakeFiles/final.dir/C_/Users/zl823/Desktop/github/pico-sdk/src/common/pico_util/pheap.c.obj
 .text.ph_remove_head
                0x10003110      0x104 CMakeFiles/final.dir/C_/Users/zl823/Desktop/github/pico-sdk/src/common/pico_util/pheap.c.obj
                0x10003110                ph_remove_head
 .text.ph_remove_and_free_node
                0x10003214       0x7c CMakeFiles/final.dir/C_/Users/zl823/Desktop/github/pico-sdk/src/common/pico_util/pheap.c.obj
                0x10003214                ph_remove_and_free_node
 .text.uart_init
                0x10003290      0x188 CMakeFiles/final.dir/C_/Users/zl823/Desktop/github/pico-sdk/src/rp2_common/hardware_uart/uart.c.obj
                0x10003290                uart_init
 .text.clocks_init
                0x10003418      0x2d0 CMakeFiles/final.dir/C_/Users/zl823/Desktop/github/pico-sdk/src/rp2_common/hardware_clocks/clocks.c.obj
                0x10003418                clocks_init
 .text.clock_get_hz
                0x100036e8        0xc CMakeFiles/final.dir/C_/Users/zl823/Desktop/github/pico-sdk/src/rp2_common/hardware_clocks/clocks.c.obj
                0x100036e8                clock_get_hz
 .text.pll_init
                0x100036f4       0xa0 CMakeFiles/final.dir/C_/Users/zl823/Desktop/github/pico-sdk/src/rp2_common/hardware_pll/pll.c.obj
                0x100036f4                pll_init
 .text.watchdog_start_tick
                0x10003794       0x10 CMakeFiles/final.dir/C_/Users/zl823/Desktop/github/pico-sdk/src/rp2_common/hardware_watchdog/watchdog.c.obj
                0x10003794                watchdog_start_tick
 .text.xosc_init
                0x100037a4       0x28 CMakeFiles/final.dir/C_/Users/zl823/Desktop/github/pico-sdk/src/rp2_common/hardware_xosc/xosc.c.obj
                0x100037a4                xosc_init
 .text.runtime_init
                0x100037cc       0xf0 CMakeFiles/final.dir/C_/Users/zl823/Desktop/github/pico-sdk/src/rp2_common/pico_runtime/runtime.c.obj
                0x100037cc                runtime_init
 .text._exit    0x100038bc        0x4 CMakeFiles/final.dir/C_/Users/zl823/Desktop/github/pico-sdk/src/rp2_common/pico_runtime/runtime.c.obj
                0x100038bc                _exit
 .text.exit     0x100038c0        0x8 CMakeFiles/final.dir/C_/Users/zl823/Desktop/github/pico-sdk/src/rp2_common/pico_runtime/runtime.c.obj
                0x100038c0                exit
 .text.panic    0x100038c8       0x30 CMakeFiles/final.dir/C_/Users/zl823/Desktop/github/pico-sdk/src/rp2_common/pico_runtime/runtime.c.obj
                0x100038c8                panic
 .text.hard_assertion_failure
                0x100038f8        0xc CMakeFiles/final.dir/C_/Users/zl823/Desktop/github/pico-sdk/src/rp2_common/pico_runtime/runtime.c.obj
                0x100038f8                hard_assertion_failure
 .text._out_buffer
                0x10003904        0x8 CMakeFiles/final.dir/C_/Users/zl823/Desktop/github/pico-sdk/src/rp2_common/pico_printf/printf.c.obj
 .text._out_null
                0x1000390c        0x4 CMakeFiles/final.dir/C_/Users/zl823/Desktop/github/pico-sdk/src/rp2_common/pico_printf/printf.c.obj
 .text._out_rev
                0x10003910       0x9c CMakeFiles/final.dir/C_/Users/zl823/Desktop/github/pico-sdk/src/rp2_common/pico_printf/printf.c.obj
 .text._ntoa_format
                0x100039ac      0x1cc CMakeFiles/final.dir/C_/Users/zl823/Desktop/github/pico-sdk/src/rp2_common/pico_printf/printf.c.obj
 .text._out_char
                0x10003b78       0x10 CMakeFiles/final.dir/C_/Users/zl823/Desktop/github/pico-sdk/src/rp2_common/pico_printf/printf.c.obj
 .text._out_fct
                0x10003b88       0x10 CMakeFiles/final.dir/C_/Users/zl823/Desktop/github/pico-sdk/src/rp2_common/pico_printf/printf.c.obj
 .text._etoa    0x10003b98      0x44c CMakeFiles/final.dir/C_/Users/zl823/Desktop/github/pico-sdk/src/rp2_common/pico_printf/printf.c.obj
 .text._ftoa    0x10003fe4      0x398 CMakeFiles/final.dir/C_/Users/zl823/Desktop/github/pico-sdk/src/rp2_common/pico_printf/printf.c.obj
 .text._vsnprintf
                0x1000437c      0xb04 CMakeFiles/final.dir/C_/Users/zl823/Desktop/github/pico-sdk/src/rp2_common/pico_printf/printf.c.obj
 .text.__wrap_sprintf
                0x10004e80       0x28 CMakeFiles/final.dir/C_/Users/zl823/Desktop/github/pico-sdk/src/rp2_common/pico_printf/printf.c.obj
                0x10004e80                __wrap_sprintf
 .text.vfctprintf
                0x10004ea8       0x20 CMakeFiles/final.dir/C_/Users/zl823/Desktop/github/pico-sdk/src/rp2_common/pico_printf/printf.c.obj
                0x10004ea8                vfctprintf
 .text.weak_raw_vprintf
                0x10004ec8       0x30 CMakeFiles/final.dir/C_/Users/zl823/Desktop/github/pico-sdk/src/rp2_common/pico_printf/printf.c.obj
                0x10004ec8                weak_raw_vprintf
 .text          0x10004ef8       0x10 CMakeFiles/final.dir/C_/Users/zl823/Desktop/github/pico-sdk/src/rp2_common/pico_bit_ops/bit_ops_aeabi.S.obj
 .text.rom_func_lookup
                0x10004f08       0x10 CMakeFiles/final.dir/C_/Users/zl823/Desktop/github/pico-sdk/src/rp2_common/pico_bootrom/bootrom.c.obj
                0x10004f08                rom_func_lookup
 .text.rom_data_lookup
                0x10004f18       0x10 CMakeFiles/final.dir/C_/Users/zl823/Desktop/github/pico-sdk/src/rp2_common/pico_bootrom/bootrom.c.obj
                0x10004f18                rom_data_lookup
 .text.rom_funcs_lookup
                0x10004f28       0x44 CMakeFiles/final.dir/C_/Users/zl823/Desktop/github/pico-sdk/src/rp2_common/pico_bootrom/bootrom.c.obj
                0x10004f28                rom_funcs_lookup
 .text.__wrap___aeabi_idiv
                0x10004f6c       0x50 CMakeFiles/final.dir/C_/Users/zl823/Desktop/github/pico-sdk/src/rp2_common/pico_divider/divider.S.obj
                0x10004f6c                __wrap___aeabi_idivmod
                0x10004f6c                divmod_s32s32
                0x10004f6c                div_s32s32
                0x10004f6c                __wrap___aeabi_idiv
                0x10004f74                divmod_s32s32_unsafe
                0x10004fa0                divmod_s32s32_savestate
 .text.__wrap___aeabi_uidiv
                0x10004fbc       0x4c CMakeFiles/final.dir/C_/Users/zl823/Desktop/github/pico-sdk/src/rp2_common/pico_divider/divider.S.obj
                0x10004fbc                __wrap___aeabi_uidiv
                0x10004fbc                __wrap___aeabi_uidivmod
                0x10004fbc                div_u32u32
                0x10004fbc                divmod_u32u32
                0x10004fc4                divmod_u32u32_unsafe
                0x10004fec                divmod_u32u32_savestate
 .text.__wrap___aeabi_ldiv
                0x10005008      0x424 CMakeFiles/final.dir/C_/Users/zl823/Desktop/github/pico-sdk/src/rp2_common/pico_divider/divider.S.obj
                0x10005008                div_s64s64
                0x10005008                divmod_s64s64
                0x10005008                __wrap___aeabi_ldivmod
                0x10005038                divmod_u64u64
                0x10005038                div_u64u64
                0x10005038                __wrap___aeabi_uldivmod
                0x10005048                divmod_u64u64_savestate
                0x10005068                divmod_s64s64_unsafe
                0x100050f0                divmod_u64u64_unsafe
 .text.push_r8_r11
                0x1000542c        0xc CMakeFiles/final.dir/C_/Users/zl823/Desktop/github/pico-sdk/src/rp2_common/pico_double/double_aeabi.S.obj
                0x1000542c                push_r8_r11
 .text.pop_r8_r11
                0x10005438        0xc CMakeFiles/final.dir/C_/Users/zl823/Desktop/github/pico-sdk/src/rp2_common/pico_double/double_aeabi.S.obj
                0x10005438                pop_r8_r11
 .text.__wrap___aeabi_darithmetic
                0x10005444       0x80 CMakeFiles/final.dir/C_/Users/zl823/Desktop/github/pico-sdk/src/rp2_common/pico_double/double_aeabi.S.obj
                0x10005444                __wrap___aeabi_drsub
                0x1000544a                __wrap___aeabi_dsub
                0x1000545c                __wrap___aeabi_dadd
                0x1000546e                __wrap___aeabi_ddiv
                0x100054aa                __wrap___aeabi_dmul
 .text.__wrap___aeabi_cdcmple
                0x100054c4       0x6c CMakeFiles/final.dir/C_/Users/zl823/Desktop/github/pico-sdk/src/rp2_common/pico_double/double_aeabi.S.obj
                0x100054c4                __wrap___aeabi_cdrcmple
                0x100054d4                __wrap___aeabi_cdcmpeq
                0x100054d4                __wrap___aeabi_cdcmple
 .text.__wrap___aeabi_dcmplt
                0x10005530        0xc CMakeFiles/final.dir/C_/Users/zl823/Desktop/github/pico-sdk/src/rp2_common/pico_double/double_aeabi.S.obj
                0x10005530                __wrap___aeabi_dcmplt
 .text.__wrap___aeabi_dcmple
                0x1000553c       0x10 CMakeFiles/final.dir/C_/Users/zl823/Desktop/github/pico-sdk/src/rp2_common/pico_double/double_aeabi.S.obj
                0x1000553c                __wrap___aeabi_dcmple
 .text.__wrap___aeabi_dcmpge
                0x1000554c       0x10 CMakeFiles/final.dir/C_/Users/zl823/Desktop/github/pico-sdk/src/rp2_common/pico_double/double_aeabi.S.obj
                0x1000554c                __wrap___aeabi_dcmpge
 .text.__wrap___aeabi_dcmpgt
                0x1000555c        0xa CMakeFiles/final.dir/C_/Users/zl823/Desktop/github/pico-sdk/src/rp2_common/pico_double/double_aeabi.S.obj
                0x1000555c                __wrap___aeabi_dcmpgt
 .text.__wrap___aeabi_dcmpun
                0x10005566       0x1c CMakeFiles/final.dir/C_/Users/zl823/Desktop/github/pico-sdk/src/rp2_common/pico_double/double_aeabi.S.obj
                0x10005566                __wrap___aeabi_dcmpun
 *fill*         0x10005582        0x2 
 .text.__wrap___aeabi_i2d
                0x10005584       0x38 CMakeFiles/final.dir/C_/Users/zl823/Desktop/github/pico-sdk/src/rp2_common/pico_double/double_aeabi.S.obj
                0x10005584                __wrap___aeabi_ui2d
                0x1000558c                __wrap___aeabi_i2d
 .text.__wrap___aeabi_d2iz
                0x100055bc       0x48 CMakeFiles/final.dir/C_/Users/zl823/Desktop/github/pico-sdk/src/rp2_common/pico_double/double_aeabi.S.obj
                0x100055bc                double2int_z
                0x100055bc                __wrap___aeabi_d2iz
 .text.__wrap___aeabi_d2uiz
                0x10005604       0x18 CMakeFiles/final.dir/C_/Users/zl823/Desktop/github/pico-sdk/src/rp2_common/pico_double/double_aeabi.S.obj
                0x10005604                __wrap___aeabi_d2uiz
                0x10005604                double2uint
 .text.fix642double
                0x1000561c       0x18 CMakeFiles/final.dir/C_/Users/zl823/Desktop/github/pico-sdk/src/rp2_common/pico_double/double_aeabi.S.obj
                0x1000561c                fix642double
 .text.__wrap___aeabi_d2f
                0x10005634       0x18 CMakeFiles/final.dir/C_/Users/zl823/Desktop/github/pico-sdk/src/rp2_common/pico_double/double_aeabi.S.obj
                0x10005634                __wrap___aeabi_d2f
 .text.__wrap_sincostan_remainder
                0x1000564c       0x14 CMakeFiles/final.dir/C_/Users/zl823/Desktop/github/pico-sdk/src/rp2_common/pico_double/double_aeabi.S.obj
                0x1000564c                sincostan_remainder
 .text.__wrap_cos
                0x10005660       0x2c CMakeFiles/final.dir/C_/Users/zl823/Desktop/github/pico-sdk/src/rp2_common/pico_double/double_aeabi.S.obj
                0x10005660                __wrap_cos
 .text.__wrap_sin
                0x1000568c       0x2c CMakeFiles/final.dir/C_/Users/zl823/Desktop/github/pico-sdk/src/rp2_common/pico_double/double_aeabi.S.obj
                0x1000568c                __wrap_sin
 .text.__aeabi_double_init
                0x100056b8       0x94 CMakeFiles/final.dir/C_/Users/zl823/Desktop/github/pico-sdk/src/rp2_common/pico_double/double_init_rom.c.obj
                0x100056b8                __aeabi_double_init
 .text.__wrap_remquo
                0x1000574c      0x2a0 CMakeFiles/final.dir/C_/Users/zl823/Desktop/github/pico-sdk/src/rp2_common/pico_double/double_math.c.obj
                0x1000574c                __wrap_remquo
 .text.__wrap_remainder
                0x100059ec       0x10 CMakeFiles/final.dir/C_/Users/zl823/Desktop/github/pico-sdk/src/rp2_common/pico_double/double_math.c.obj
                0x100059ec                __wrap_remainder
 .text.double_table_shim_on_use_helper
                0x100059fc       0x2c CMakeFiles/final.dir/C_/Users/zl823/Desktop/github/pico-sdk/src/rp2_common/pico_double/double_v1_rom_shim.S.obj
                0x100059fc                double_table_shim_on_use_helper
 .text.__wrap___aeabi_dsub
                0x10005a28       0x10 CMakeFiles/final.dir/C_/Users/zl823/Desktop/github/pico-sdk/src/rp2_common/pico_double/double_v1_rom_shim.S.obj
                0x10005a28                drsub_shim
                0x10005a2e                dsub_shim
 .text.dadd_shim
                0x10005a38      0x15c CMakeFiles/final.dir/C_/Users/zl823/Desktop/github/pico-sdk/src/rp2_common/pico_double/double_v1_rom_shim.S.obj
                0x10005a38                dadd_shim
 .text.dmul_shim
                0x10005b94      0x15c CMakeFiles/final.dir/C_/Users/zl823/Desktop/github/pico-sdk/src/rp2_common/pico_double/double_v1_rom_shim.S.obj
                0x10005b94                dmul_shim
 .text.ddiv_shim
                0x10005cf0      0x1b0 CMakeFiles/final.dir/C_/Users/zl823/Desktop/github/pico-sdk/src/rp2_common/pico_double/double_v1_rom_shim.S.obj
                0x10005cf0                ddiv_shim
 .text.dcordic_vec_step
                0x10005ea0        0xe CMakeFiles/final.dir/C_/Users/zl823/Desktop/github/pico-sdk/src/rp2_common/pico_double/double_v1_rom_shim.S.obj
                0x10005ea0                dcordic_vec_step
 .text.dcordic_rot_step
                0x10005eae       0x76 CMakeFiles/final.dir/C_/Users/zl823/Desktop/github/pico-sdk/src/rp2_common/pico_double/double_v1_rom_shim.S.obj
                0x10005eae                dcordic_rot_step
 .text.double2uint_shim
                0x10005f24        0xe CMakeFiles/final.dir/C_/Users/zl823/Desktop/github/pico-sdk/src/rp2_common/pico_double/double_v1_rom_shim.S.obj
                0x10005f24                double2uint_shim
                0x10005f26                double2ufix_shim
 .text.double2int64_shim
                0x10005f32       0x1a CMakeFiles/final.dir/C_/Users/zl823/Desktop/github/pico-sdk/src/rp2_common/pico_double/double_v1_rom_shim.S.obj
                0x10005f32                double2int64_shim
                0x10005f34                double2fix64_shim
 .text.double2uint64_shim
                0x10005f4c       0x70 CMakeFiles/final.dir/C_/Users/zl823/Desktop/github/pico-sdk/src/rp2_common/pico_double/double_v1_rom_shim.S.obj
                0x10005f4c                double2uint64_shim
                0x10005f4e                double2ufix64_shim
                0x10005f6e                d2fix_a
 .text.double2float_shim
                0x10005fbc       0x5c CMakeFiles/final.dir/C_/Users/zl823/Desktop/github/pico-sdk/src/rp2_common/pico_double/double_v1_rom_shim.S.obj
                0x10005fbc                double2float_shim
 .text.x2double_shims
                0x10006018       0x90 CMakeFiles/final.dir/C_/Users/zl823/Desktop/github/pico-sdk/src/rp2_common/pico_double/double_v1_rom_shim.S.obj
                0x10006018                uint2double_shim
                0x1000601a                ufix2double_shim
                0x10006020                int2double_shim
                0x10006022                fix2double_shim
                0x10006028                uint642double_shim
                0x1000602a                ufix642double_shim
                0x10006030                int642double_shim
                0x10006032                fix642double_shim
 .text.dunpacks
                0x100060a8       0x3c CMakeFiles/final.dir/C_/Users/zl823/Desktop/github/pico-sdk/src/rp2_common/pico_double/double_v1_rom_shim.S.obj
                0x100060a8                dunpacks
 .text.dreduce  0x100060e4       0x82 CMakeFiles/final.dir/C_/Users/zl823/Desktop/github/pico-sdk/src/rp2_common/pico_double/double_v1_rom_shim.S.obj
                0x100060e4                dreduce
 .text.dcos_shim
                0x10006166       0x10 CMakeFiles/final.dir/C_/Users/zl823/Desktop/github/pico-sdk/src/rp2_common/pico_double/double_v1_rom_shim.S.obj
                0x10006166                dcos_shim
 .text.dsin_shim
                0x10006176       0x14 CMakeFiles/final.dir/C_/Users/zl823/Desktop/github/pico-sdk/src/rp2_common/pico_double/double_v1_rom_shim.S.obj
                0x10006176                dsin_shim
 *fill*         0x1000618a        0x2 
 .text.dtrig_guts
                0x1000618c      0x2ec CMakeFiles/final.dir/C_/Users/zl823/Desktop/github/pico-sdk/src/rp2_common/pico_double/double_v1_rom_shim.S.obj
                0x10006264                datan2_shim
 .text.__aeabi_lmul
                0x10006478       0x32 CMakeFiles/final.dir/C_/Users/zl823/Desktop/github/pico-sdk/src/rp2_common/pico_int64_ops/pico_int64_ops_aeabi.S.obj
                0x10006478                __wrap___aeabi_lmul
 *fill*         0x100064aa        0x2 
 .text.__wrap___aeabi_cfcmple
                0x100064ac       0x50 CMakeFiles/final.dir/C_/Users/zl823/Desktop/github/pico-sdk/src/rp2_common/pico_float/float_aeabi.S.obj
                0x100064ac                __wrap___aeabi_cfrcmple
                0x100064b8                __wrap___aeabi_cfcmple
                0x100064b8                __wrap___aeabi_cfcmpeq
 .text.__wrap___aeabi_fcmpge
                0x100064fc       0x10 CMakeFiles/final.dir/C_/Users/zl823/Desktop/github/pico-sdk/src/rp2_common/pico_float/float_aeabi.S.obj
                0x100064fc                __wrap___aeabi_fcmpge
 .text.__wrap___aeabi_f2d
                0x1000650c       0x14 CMakeFiles/final.dir/C_/Users/zl823/Desktop/github/pico-sdk/src/rp2_common/pico_float/float_aeabi.S.obj
                0x1000650c                __wrap___aeabi_f2d
 .text.__aeabi_float_init
                0x10006520       0x64 CMakeFiles/final.dir/C_/Users/zl823/Desktop/github/pico-sdk/src/rp2_common/pico_float/float_init_rom.c.obj
                0x10006520                __aeabi_float_init
 .text.float_table_shim_on_use_helper
                0x10006584       0x2c CMakeFiles/final.dir/C_/Users/zl823/Desktop/github/pico-sdk/src/rp2_common/pico_float/float_v1_rom_shim.S.obj
                0x10006584                float_table_shim_on_use_helper
 .text.float2double_shim
                0x100065b0       0x30 CMakeFiles/final.dir/C_/Users/zl823/Desktop/github/pico-sdk/src/rp2_common/pico_float/float_v1_rom_shim.S.obj
                0x100065b0                float2double_shim
 .text          0x100065e0       0x10 CMakeFiles/final.dir/C_/Users/zl823/Desktop/github/pico-sdk/src/rp2_common/pico_mem_ops/mem_ops_aeabi.S.obj
                0x100065e0                __aeabi_mem_init
 .text.memcpy   0x100065f0        0xc CMakeFiles/final.dir/C_/Users/zl823/Desktop/github/pico-sdk/src/rp2_common/pico_mem_ops/mem_ops_aeabi.S.obj
                0x100065f0                __wrap_memcpy
                0x100065f0                __wrap___aeabi_memcpy
 .text.stdio_out_chars_no_crlf
                0x100065fc       0x10 CMakeFiles/final.dir/C_/Users/zl823/Desktop/github/pico-sdk/src/rp2_common/pico_stdio/stdio.c.obj
 .text.stdio_out_chars_crlf
                0x1000660c       0xb4 CMakeFiles/final.dir/C_/Users/zl823/Desktop/github/pico-sdk/src/rp2_common/pico_stdio/stdio.c.obj
 .text.stdio_buffered_printer
                0x100066c0       0x64 CMakeFiles/final.dir/C_/Users/zl823/Desktop/github/pico-sdk/src/rp2_common/pico_stdio/stdio.c.obj
 .text.stdio_put_string.isra.0
                0x10006724       0xfc CMakeFiles/final.dir/C_/Users/zl823/Desktop/github/pico-sdk/src/rp2_common/pico_stdio/stdio.c.obj
 .text.__wrap_putchar
                0x10006820       0x98 CMakeFiles/final.dir/C_/Users/zl823/Desktop/github/pico-sdk/src/rp2_common/pico_stdio/stdio.c.obj
                0x10006820                __wrap_putchar
 .text.__wrap_puts
                0x100068b8       0x3c CMakeFiles/final.dir/C_/Users/zl823/Desktop/github/pico-sdk/src/rp2_common/pico_stdio/stdio.c.obj
                0x100068b8                __wrap_puts
 .text.stdio_set_driver_enabled
                0x100068f4       0x30 CMakeFiles/final.dir/C_/Users/zl823/Desktop/github/pico-sdk/src/rp2_common/pico_stdio/stdio.c.obj
                0x100068f4                stdio_set_driver_enabled
 .text.__wrap_vprintf
                0x10006924       0xd8 CMakeFiles/final.dir/C_/Users/zl823/Desktop/github/pico-sdk/src/rp2_common/pico_stdio/stdio.c.obj
                0x10006924                __wrap_vprintf
 .text.__wrap_printf
                0x100069fc       0x18 CMakeFiles/final.dir/C_/Users/zl823/Desktop/github/pico-sdk/src/rp2_common/pico_stdio/stdio.c.obj
                0x100069fc                __wrap_printf
 .text.stdio_init_all
                0x10006a14        0xc CMakeFiles/final.dir/C_/Users/zl823/Desktop/github/pico-sdk/src/rp2_common/pico_stdio/stdio.c.obj
                0x10006a14                stdio_init_all
 .text.stdio_uart_out_chars
                0x10006a20       0x4c CMakeFiles/final.dir/C_/Users/zl823/Desktop/github/pico-sdk/src/rp2_common/pico_stdio_uart/stdio_uart.c.obj
 .text.stdio_uart_in_chars
                0x10006a6c       0x84 CMakeFiles/final.dir/C_/Users/zl823/Desktop/github/pico-sdk/src/rp2_common/pico_stdio_uart/stdio_uart.c.obj
                0x10006a6c                stdio_uart_in_chars
 .text.on_uart_rx
                0x10006af0       0x28 CMakeFiles/final.dir/C_/Users/zl823/Desktop/github/pico-sdk/src/rp2_common/pico_stdio_uart/stdio_uart.c.obj
 .text.stdio_uart_set_chars_available_callback
                0x10006b18       0x8c CMakeFiles/final.dir/C_/Users/zl823/Desktop/github/pico-sdk/src/rp2_common/pico_stdio_uart/stdio_uart.c.obj
 .text.stdio_uart_init
                0x10006ba4       0x48 CMakeFiles/final.dir/C_/Users/zl823/Desktop/github/pico-sdk/src/rp2_common/pico_stdio_uart/stdio_uart.c.obj
                0x10006ba4                stdio_uart_init
 .text.startup.boot_double_tap_check
                0x10006bec       0x60 CMakeFiles/final.dir/C_/Users/zl823/Desktop/github/pico-sdk/src/rp2_common/pico_bootsel_via_double_reset/pico_bootsel_via_double_reset.c.obj
 .text.core1_trampoline
                0x10006c4c        0x4 CMakeFiles/final.dir/C_/Users/zl823/Desktop/github/pico-sdk/src/rp2_common/pico_multicore/multicore.c.obj
 .text.core1_wrapper
                0x10006c50        0xc CMakeFiles/final.dir/C_/Users/zl823/Desktop/github/pico-sdk/src/rp2_common/pico_multicore/multicore.c.obj
                0x10006c50                core1_wrapper
 .text.multicore_reset_core1
                0x10006c5c       0x24 CMakeFiles/final.dir/C_/Users/zl823/Desktop/github/pico-sdk/src/rp2_common/pico_multicore/multicore.c.obj
                0x10006c5c                multicore_reset_core1
 .text.multicore_launch_core1_raw
                0x10006c80       0x84 CMakeFiles/final.dir/C_/Users/zl823/Desktop/github/pico-sdk/src/rp2_common/pico_multicore/multicore.c.obj
                0x10006c80                multicore_launch_core1_raw
 .text.multicore_launch_core1
                0x10006d04       0x4c CMakeFiles/final.dir/C_/Users/zl823/Desktop/github/pico-sdk/src/rp2_common/pico_multicore/multicore.c.obj
                0x10006d04                multicore_launch_core1
 .text.pio_add_program
                0x10006d50       0xc8 CMakeFiles/final.dir/C_/Users/zl823/Desktop/github/pico-sdk/src/rp2_common/hardware_pio/pio.c.obj
                0x10006d50                pio_add_program
 .text.pio_sm_set_consecutive_pindirs
                0x10006e18       0xb0 CMakeFiles/final.dir/C_/Users/zl823/Desktop/github/pico-sdk/src/rp2_common/hardware_pio/pio.c.obj
                0x10006e18                pio_sm_set_consecutive_pindirs
 .text.pio_sm_init
                0x10006ec8       0x8c CMakeFiles/final.dir/C_/Users/zl823/Desktop/github/pico-sdk/src/rp2_common/hardware_pio/pio.c.obj
                0x10006ec8                pio_sm_init
 .text.strlen   0x10006f54       0x5c c:/progra~2/gnuarm~1/102021~1.10/bin/../lib/gcc/arm-none-eabi/10.3.1/../../../../arm-none-eabi/lib/thumb/v6-m/nofp\libc.a(lib_a-strlen-stub.o)
                0x10006f54                strlen
 *(.fini)
 .fini          0x10006fb0        0x4 c:/progra~2/gnuarm~1/102021~1.10/bin/../lib/gcc/arm-none-eabi/10.3.1/thumb/v6-m/nofp/crti.o
                0x10006fb0                _fini
 *fill*         0x10006fb4        0x4 
 .fini.__stub   0x10006fb8       0x40 linker stubs
 *crtbegin.o(.ctors)
 *crtbegin?.o(.ctors)
 *(EXCLUDE_FILE(*crtend.o *crtend?.o) .ctors)
 *(SORT_BY_NAME(.ctors.*))
 *(.ctors)
 *crtbegin.o(.dtors)
 *crtbegin?.o(.dtors)
 *(EXCLUDE_FILE(*crtend.o *crtend?.o) .dtors)
 *(SORT_BY_NAME(.dtors.*))
 *(.dtors)
 *(.eh_frame*)
 .eh_frame      0x10006ff8        0x0 c:/progra~2/gnuarm~1/102021~1.10/bin/../lib/gcc/arm-none-eabi/10.3.1/thumb/v6-m/nofp/crtbegin.o
                0x10006ff8                . = ALIGN (0x4)

.glue_7         0x10006ff8        0x0
 .glue_7        0x10006ff8        0x0 linker stubs

.glue_7t        0x10006ff8        0x0
 .glue_7t       0x10006ff8        0x0 linker stubs

.vfp11_veneer   0x10006ff8        0x0
 .vfp11_veneer  0x10006ff8        0x0 linker stubs

.v4_bx          0x10006ff8        0x0
 .v4_bx         0x10006ff8        0x0 linker stubs

.iplt           0x10006ff8        0x0
 .iplt          0x10006ff8        0x0 c:/progra~2/gnuarm~1/102021~1.10/bin/../lib/gcc/arm-none-eabi/10.3.1/thumb/v6-m/nofp/crtbegin.o

.rodata         0x10006ff8      0xa54
 *(EXCLUDE_FILE(*libm.a: *libc.a:*lib_a-mem*.o *libgcc.a:) .rodata*)
 .rodata.draw_UI.str1.4
                0x10006ff8       0xbe CMakeFiles/final.dir/main.c.obj
 *fill*         0x100070b6        0x2 
 .rodata.draw_UI
                0x100070b8       0x34 CMakeFiles/final.dir/main.c.obj
 .rodata.protothread_vga.str1.4
                0x100070ec       0x3a CMakeFiles/final.dir/main.c.obj
 *fill*         0x10007126        0x2 
 .rodata.protothread_vga
                0x10007128       0x34 CMakeFiles/final.dir/main.c.obj
 .rodata.reverse_sequence
                0x1000715c       0x10 CMakeFiles/final.dir/main.c.obj
                0x1000715c                reverse_sequence
 .rodata.sequence
                0x1000716c       0x10 CMakeFiles/final.dir/main.c.obj
                0x1000716c                sequence
 .rodata.stepPads
                0x1000717c       0x10 CMakeFiles/final.dir/main.c.obj
                0x1000717c                stepPads
 .rodata.font   0x1000718c      0x4fb CMakeFiles/final.dir/vga_graphics.c.obj
 *fill*         0x10007687        0x1 
 .rodata.hsync_program
                0x10007688        0x6 CMakeFiles/final.dir/vga_graphics.c.obj
 *fill*         0x1000768e        0x2 
 .rodata.hsync_program_instructions
                0x10007690       0x12 CMakeFiles/final.dir/vga_graphics.c.obj
 *fill*         0x100076a2        0x2 
 .rodata.rgb_program
                0x100076a4        0x6 CMakeFiles/final.dir/vga_graphics.c.obj
 *fill*         0x100076aa        0x2 
 .rodata.rgb_program_instructions
                0x100076ac       0x12 CMakeFiles/final.dir/vga_graphics.c.obj
 *fill*         0x100076be        0x2 
 .rodata.vsync_program
                0x100076c0        0x6 CMakeFiles/final.dir/vga_graphics.c.obj
 *fill*         0x100076c6        0x2 
 .rodata.vsync_program_instructions
                0x100076c8       0x1c CMakeFiles/final.dir/vga_graphics.c.obj
 .rodata.hardware_alarm_claim.str1.4
                0x100076e4       0x22 CMakeFiles/final.dir/C_/Users/zl823/Desktop/github/pico-sdk/src/rp2_common/hardware_timer/timer.c.obj
 *fill*         0x10007706        0x2 
 .rodata.panic.str1.4
                0x10007708       0x10 CMakeFiles/final.dir/C_/Users/zl823/Desktop/github/pico-sdk/src/rp2_common/pico_runtime/runtime.c.obj
                                 0x12 (size before relaxing)
 .rodata.hard_assertion_failure.str1.4
                0x10007718        0xc CMakeFiles/final.dir/C_/Users/zl823/Desktop/github/pico-sdk/src/rp2_common/pico_runtime/runtime.c.obj
 .rodata._ftoa.str1.4
                0x10007724       0x15 CMakeFiles/final.dir/C_/Users/zl823/Desktop/github/pico-sdk/src/rp2_common/pico_printf/printf.c.obj
 *fill*         0x10007739        0x3 
 .rodata._vsnprintf
                0x1000773c      0x1e0 CMakeFiles/final.dir/C_/Users/zl823/Desktop/github/pico-sdk/src/rp2_common/pico_printf/printf.c.obj
 *fill*         0x1000791c        0x4 
 .rodata.pow10.0
                0x10007920       0x50 CMakeFiles/final.dir/C_/Users/zl823/Desktop/github/pico-sdk/src/rp2_common/pico_printf/printf.c.obj
 .rodata.str1.4
                0x10007970       0x3c CMakeFiles/final.dir/C_/Users/zl823/Desktop/github/pico-sdk/src/rp2_common/pico_standard_link/binary_info.c.obj
 .rodata.__bi_44
                0x100079ac        0xc CMakeFiles/final.dir/C_/Users/zl823/Desktop/github/pico-sdk/src/rp2_common/pico_standard_link/binary_info.c.obj
 .rodata.__bi_75
                0x100079b8        0xc CMakeFiles/final.dir/C_/Users/zl823/Desktop/github/pico-sdk/src/rp2_common/pico_standard_link/binary_info.c.obj
 .rodata.__bi_81
                0x100079c4        0xc CMakeFiles/final.dir/C_/Users/zl823/Desktop/github/pico-sdk/src/rp2_common/pico_standard_link/binary_info.c.obj
 .rodata.crlf_str.0
                0x100079d0        0x2 CMakeFiles/final.dir/C_/Users/zl823/Desktop/github/pico-sdk/src/rp2_common/pico_stdio/stdio.c.obj
 *fill*         0x100079d2        0x2 
 .rodata.str1.4
                0x100079d4       0x2c CMakeFiles/final.dir/C_/Users/zl823/Desktop/github/pico-sdk/src/rp2_common/pico_stdio_uart/stdio_uart.c.obj
 .rodata.__bi_33.4
                0x10007a00        0xc CMakeFiles/final.dir/C_/Users/zl823/Desktop/github/pico-sdk/src/rp2_common/pico_stdio_uart/stdio_uart.c.obj
 .rodata.__bi_34.5
                0x10007a0c        0x8 CMakeFiles/final.dir/C_/Users/zl823/Desktop/github/pico-sdk/src/rp2_common/pico_stdio_uart/stdio_uart.c.obj
 .rodata.str1.4
                0x10007a14       0x18 CMakeFiles/final.dir/C_/Users/zl823/Desktop/github/pico-sdk/src/rp2_common/pico_bootsel_via_double_reset/pico_bootsel_via_double_reset.c.obj
 .rodata.__bi_35
                0x10007a2c        0xc CMakeFiles/final.dir/C_/Users/zl823/Desktop/github/pico-sdk/src/rp2_common/pico_bootsel_via_double_reset/pico_bootsel_via_double_reset.c.obj
 .rodata.pio_add_program.str1.4
                0x10007a38       0x11 CMakeFiles/final.dir/C_/Users/zl823/Desktop/github/pico-sdk/src/rp2_common/hardware_pio/pio.c.obj
                0x10007a4c                . = ALIGN (0x4)
 *fill*         0x10007a49        0x3 
 *(SORT_BY_ALIGNMENT(SORT_BY_NAME(.flashdata*)))
                0x10007a4c                . = ALIGN (0x4)

.ARM.extab
 *(.ARM.extab* .gnu.linkonce.armextab.*)
                0x10007a4c                __exidx_start = .

.ARM.exidx
 *(.ARM.exidx* .gnu.linkonce.armexidx.*)
                0x10007a4c                __exidx_end = .
                0x10007a4c                . = ALIGN (0x4)
                0x10007a4c                __binary_info_start = .

.binary_info    0x10007a4c       0x28
 *(.binary_info.keep.*)
 .binary_info.keep.__bi_ptr22
                0x10007a4c        0x4 CMakeFiles/final.dir/C_/Users/zl823/Desktop/github/pico-sdk/src/rp2_common/pico_standard_link/binary_info.c.obj
 .binary_info.keep.__bi_ptr30
                0x10007a50        0x4 CMakeFiles/final.dir/C_/Users/zl823/Desktop/github/pico-sdk/src/rp2_common/pico_standard_link/binary_info.c.obj
 .binary_info.keep.__bi_ptr38
                0x10007a54        0x4 CMakeFiles/final.dir/C_/Users/zl823/Desktop/github/pico-sdk/src/rp2_common/pico_standard_link/binary_info.c.obj
 .binary_info.keep.__bi_ptr44
                0x10007a58        0x4 CMakeFiles/final.dir/C_/Users/zl823/Desktop/github/pico-sdk/src/rp2_common/pico_standard_link/binary_info.c.obj
 .binary_info.keep.__bi_ptr50
                0x10007a5c        0x4 CMakeFiles/final.dir/C_/Users/zl823/Desktop/github/pico-sdk/src/rp2_common/pico_standard_link/binary_info.c.obj
 .binary_info.keep.__bi_ptr75
                0x10007a60        0x4 CMakeFiles/final.dir/C_/Users/zl823/Desktop/github/pico-sdk/src/rp2_common/pico_standard_link/binary_info.c.obj
 .binary_info.keep.__bi_ptr81
                0x10007a64        0x4 CMakeFiles/final.dir/C_/Users/zl823/Desktop/github/pico-sdk/src/rp2_common/pico_standard_link/binary_info.c.obj
 .binary_info.keep.__bi_ptr35
                0x10007a68        0x4 CMakeFiles/final.dir/C_/Users/zl823/Desktop/github/pico-sdk/src/rp2_common/pico_bootsel_via_double_reset/pico_bootsel_via_double_reset.c.obj
 *(.binary_info.*)
 .binary_info.__bi_ptr33
                0x10007a6c        0x4 CMakeFiles/final.dir/C_/Users/zl823/Desktop/github/pico-sdk/src/rp2_common/pico_stdio_uart/stdio_uart.c.obj
 .binary_info.__bi_ptr34
                0x10007a70        0x4 CMakeFiles/final.dir/C_/Users/zl823/Desktop/github/pico-sdk/src/rp2_common/pico_stdio_uart/stdio_uart.c.obj
                0x10007a74                __binary_info_end = .

.rel.dyn        0x10007a74        0x0
 .rel.iplt      0x10007a74        0x0 c:/progra~2/gnuarm~1/102021~1.10/bin/../lib/gcc/arm-none-eabi/10.3.1/thumb/v6-m/nofp/crtbegin.o
                0x10007a74                . = ALIGN (0x4)

.ram_vector_table
                0x20000000       0xc0
 *(.ram_vector_table)
 .ram_vector_table
                0x20000000       0xc0 CMakeFiles/final.dir/C_/Users/zl823/Desktop/github/pico-sdk/src/rp2_common/pico_runtime/runtime.c.obj
                0x20000000                ram_vector_table

.data           0x200000c0      0x200 load address 0x10007a74
                0x200000c0                __data_start__ = .
 *(vtable)
 *(.time_critical*)
 .time_critical.mutex_try_enter_block_until
                0x200000c0       0x9c CMakeFiles/final.dir/C_/Users/zl823/Desktop/github/pico-sdk/src/common/pico_sync/mutex.c.obj
                0x200000c0                mutex_try_enter_block_until
 .time_critical.mutex_exit
                0x2000015c       0x28 CMakeFiles/final.dir/C_/Users/zl823/Desktop/github/pico-sdk/src/common/pico_sync/mutex.c.obj
                0x2000015c                mutex_exit
 *(.text*)
 .text          0x20000184        0x4 c:/progra~2/gnuarm~1/102021~1.10/bin/../lib/gcc/arm-none-eabi/10.3.1/thumb/v6-m/nofp\libgcc.a(_dvmd_tls.o)
                0x20000184                __aeabi_idiv0
                0x20000184                __aeabi_ldiv0
 .text.__stub   0x20000188       0x10 linker stubs
                0x20000198                . = ALIGN (0x4)
 *(.rodata*)
                0x20000198                . = ALIGN (0x4)
 *(.data*)
 .data.button   0x20000198        0x4 CMakeFiles/final.dir/main.c.obj
                0x20000198                button
 .data.keycodes
                0x2000019c       0x30 CMakeFiles/final.dir/main.c.obj
                0x2000019c                keycodes
 .data.redius   0x200001cc        0x4 CMakeFiles/final.dir/main.c.obj
                0x200001cc                redius
 .data.scancodes
                0x200001d0       0x10 CMakeFiles/final.dir/main.c.obj
                0x200001d0                scancodes
 .data.address_pointer
                0x200001e0        0x4 CMakeFiles/final.dir/vga_graphics.c.obj
                0x200001e0                address_pointer
 .data.striped_spin_lock_num
                0x200001e4        0x1 CMakeFiles/final.dir/C_/Users/zl823/Desktop/github/pico-sdk/src/rp2_common/hardware_sync/sync.c.obj
 *fill*         0x200001e5        0x3 
 .data          0x200001e8       0x48 CMakeFiles/final.dir/C_/Users/zl823/Desktop/github/pico-sdk/src/rp2_common/hardware_irq/irq_handler_chain.S.obj
                0x200001e8                irq_handler_chain_slots
                0x20000218                irq_handler_chain_first_slot
                0x20000222                irq_handler_chain_remove_tail
 .data.default_alarm_pool
                0x20000230       0x18 CMakeFiles/final.dir/C_/Users/zl823/Desktop/github/pico-sdk/src/common/pico_time/time.c.obj
 .data.default_alarm_pool_heap
                0x20000248       0x10 CMakeFiles/final.dir/C_/Users/zl823/Desktop/github/pico-sdk/src/common/pico_time/time.c.obj
 *fill*         0x20000258        0x8 
 .data.aeabi_bits_funcs
                0x20000260       0x10 CMakeFiles/final.dir/C_/Users/zl823/Desktop/github/pico-sdk/src/rp2_common/pico_bit_ops/bit_ops_aeabi.S.obj
                0x20000260                aeabi_bits_funcs
                0x20000270                aeabi_bits_funcs_end
 .data.aeabi_mem_funcs
                0x20000270       0x10 CMakeFiles/final.dir/C_/Users/zl823/Desktop/github/pico-sdk/src/rp2_common/pico_mem_ops/mem_ops_aeabi.S.obj
                0x20000270                aeabi_mem_funcs
                0x20000280                aeabi_mem_funcs_end
 .data.stdio_uart
                0x20000280       0x18 CMakeFiles/final.dir/C_/Users/zl823/Desktop/github/pico-sdk/src/rp2_common/pico_stdio_uart/stdio_uart.c.obj
                0x20000280                stdio_uart
                0x20000298                . = ALIGN (0x4)
 *(.after_data.*)
                0x20000298                . = ALIGN (0x4)
                0x20000298                PROVIDE (__mutex_array_start = .)
 *(SORT_BY_NAME(.mutex_array.*))
 *(.mutex_array)
 .mutex_array   0x20000298        0x8 CMakeFiles/final.dir/C_/Users/zl823/Desktop/github/pico-sdk/src/rp2_common/pico_malloc/pico_malloc.c.obj
 .mutex_array   0x200002a0        0x8 CMakeFiles/final.dir/C_/Users/zl823/Desktop/github/pico-sdk/src/rp2_common/pico_stdio/stdio.c.obj
                0x200002a8                PROVIDE (__mutex_array_end = .)
                0x200002a8                . = ALIGN (0x4)
                0x200002a8                PROVIDE (__preinit_array_start = .)
 *(SORT_BY_NAME(.preinit_array.*))
 .preinit_array.00001
                0x200002a8        0x4 CMakeFiles/final.dir/C_/Users/zl823/Desktop/github/pico-sdk/src/rp2_common/pico_mem_ops/mem_ops_aeabi.S.obj
 .preinit_array.00010
                0x200002ac        0x4 CMakeFiles/final.dir/C_/Users/zl823/Desktop/github/pico-sdk/src/rp2_common/pico_bit_ops/bit_ops_aeabi.S.obj
 .preinit_array.00020
                0x200002b0        0x4 CMakeFiles/final.dir/C_/Users/zl823/Desktop/github/pico-sdk/src/rp2_common/pico_double/double_aeabi.S.obj
 .preinit_array.00020
                0x200002b4        0x4 CMakeFiles/final.dir/C_/Users/zl823/Desktop/github/pico-sdk/src/rp2_common/pico_float/float_aeabi.S.obj
 *(.preinit_array)
                0x200002b8                PROVIDE (__preinit_array_end = .)
                0x200002b8                . = ALIGN (0x4)
                0x200002b8                PROVIDE (__init_array_start = .)
 *(SORT_BY_NAME(.init_array.*))
 *(.init_array)
 .init_array    0x200002b8        0x4 c:/progra~2/gnuarm~1/102021~1.10/bin/../lib/gcc/arm-none-eabi/10.3.1/thumb/v6-m/nofp/crtbegin.o
 .init_array    0x200002bc        0x4 CMakeFiles/final.dir/C_/Users/zl823/Desktop/github/pico-sdk/src/rp2_common/pico_bootsel_via_double_reset/pico_bootsel_via_double_reset.c.obj
                0x200002c0                PROVIDE (__init_array_end = .)
                0x200002c0                . = ALIGN (0x4)
                [!provide]                PROVIDE (__fini_array_start = .)
 *(SORT_BY_NAME(.fini_array.*))
 *(.fini_array)
                [!provide]                PROVIDE (__fini_array_end = .)
 *(.jcr)
                0x200002c0                . = ALIGN (0x4)
                0x200002c0                __data_end__ = .
                0x10007a74                __etext = LOADADDR (.data)

.igot.plt       0x200002c0        0x0 load address 0x10007c74
 .igot.plt      0x200002c0        0x0 c:/progra~2/gnuarm~1/102021~1.10/bin/../lib/gcc/arm-none-eabi/10.3.1/thumb/v6-m/nofp/crtbegin.o

.uninitialized_data
                0x200002c0        0xc load address 0x10007c74
                0x200002c0                . = ALIGN (0x4)
 *(.uninitialized_data*)
 .uninitialized_data.magic_location
                0x200002c0        0xc CMakeFiles/final.dir/C_/Users/zl823/Desktop/github/pico-sdk/src/rp2_common/pico_bootsel_via_double_reset/pico_bootsel_via_double_reset.c.obj

.scratch_x      0x20040000        0x0 load address 0x10007c74
                0x20040000                __scratch_x_start__ = .
 *(.scratch_x.*)
                0x20040000                . = ALIGN (0x4)
                0x20040000                __scratch_x_end__ = .
                0x10007c74                __scratch_x_source__ = LOADADDR (.scratch_x)

.scratch_y      0x20041000        0x0 load address 0x10007c74
                0x20041000                __scratch_y_start__ = .
 *(.scratch_y.*)
                0x20041000                . = ALIGN (0x4)
                0x20041000                __scratch_y_end__ = .
                0x10007c74                __scratch_y_source__ = LOADADDR (.scratch_y)

.bss            0x200002d0    0x25d94
                0x200002d0                . = ALIGN (0x4)
                0x200002d0                __bss_start__ = .
 *(SORT_BY_ALIGNMENT(SORT_BY_NAME(.bss*)))
 .bss.default_alarm_pool_entries
                0x200002d0      0x100 CMakeFiles/final.dir/C_/Users/zl823/Desktop/github/pico-sdk/src/common/pico_time/time.c.obj
 .bss.sd_table  0x200003d0      0x100 CMakeFiles/final.dir/C_/Users/zl823/Desktop/github/pico-sdk/src/rp2_common/pico_double/double_init_rom.c.obj
                0x200003d0                sd_table
 .bss.sf_table  0x200004d0      0x100 CMakeFiles/final.dir/C_/Users/zl823/Desktop/github/pico-sdk/src/rp2_common/pico_float/float_init_rom.c.obj
                0x200004d0                sf_table
 .bss           0x200005d0       0x1c c:/progra~2/gnuarm~1/102021~1.10/bin/../lib/gcc/arm-none-eabi/10.3.1/thumb/v6-m/nofp/crtbegin.o
 .bss._used_instruction_space
                0x200005ec        0x8 CMakeFiles/final.dir/C_/Users/zl823/Desktop/github/pico-sdk/src/rp2_common/hardware_pio/pio.c.obj
 .bss.alarm_callbacks
                0x200005f4       0x10 CMakeFiles/final.dir/C_/Users/zl823/Desktop/github/pico-sdk/src/rp2_common/hardware_timer/timer.c.obj
 .bss.begin_time.4
                0x20000604        0x4 CMakeFiles/final.dir/main.c.obj
 .bss.chars_available_callback
                0x20000608        0x4 CMakeFiles/final.dir/C_/Users/zl823/Desktop/github/pico-sdk/src/rp2_common/pico_stdio_uart/stdio_uart.c.obj
 .bss.chars_available_param
                0x2000060c        0x4 CMakeFiles/final.dir/C_/Users/zl823/Desktop/github/pico-sdk/src/rp2_common/pico_stdio_uart/stdio_uart.c.obj
 .bss.configured_freq
                0x20000610       0x28 CMakeFiles/final.dir/C_/Users/zl823/Desktop/github/pico-sdk/src/rp2_common/hardware_clocks/clocks.c.obj
 .bss.default_alarm_pool_entry_ids_high
                0x20000638       0x10 CMakeFiles/final.dir/C_/Users/zl823/Desktop/github/pico-sdk/src/common/pico_time/time.c.obj
 .bss.default_alarm_pool_heap_nodes
                0x20000648       0x30 CMakeFiles/final.dir/C_/Users/zl823/Desktop/github/pico-sdk/src/common/pico_time/time.c.obj
 .bss.deg       0x20000678       0x32 CMakeFiles/final.dir/main.c.obj
                0x20000678                deg
 *fill*         0x200006aa        0x2 
 .bss.degree    0x200006ac        0x4 CMakeFiles/final.dir/main.c.obj
                0x200006ac                degree
 .bss.drivers   0x200006b0        0x4 CMakeFiles/final.dir/C_/Users/zl823/Desktop/github/pico-sdk/src/rp2_common/pico_stdio/stdio.c.obj
 .bss.filter    0x200006b4        0x4 CMakeFiles/final.dir/C_/Users/zl823/Desktop/github/pico-sdk/src/rp2_common/pico_stdio/stdio.c.obj
 .bss.i.0       0x200006b8        0x4 CMakeFiles/final.dir/main.c.obj
 .bss.i.1       0x200006bc        0x4 CMakeFiles/final.dir/main.c.obj
 .bss.idx       0x200006c0        0x4 CMakeFiles/final.dir/main.c.obj
 .bss.keypad.5  0x200006c4        0x4 CMakeFiles/final.dir/main.c.obj
 .bss.lazy_vsnprintf
                0x200006c8        0x4 CMakeFiles/final.dir/C_/Users/zl823/Desktop/github/pico-sdk/src/rp2_common/pico_printf/printf.c.obj
 .bss.lift      0x200006cc        0x4 CMakeFiles/final.dir/main.c.obj
                0x200006cc                lift
 .bss.new_x     0x200006d0        0x4 CMakeFiles/final.dir/main.c.obj
 .bss.new_y     0x200006d4        0x4 CMakeFiles/final.dir/main.c.obj
 .bss.page      0x200006d8        0x4 CMakeFiles/final.dir/main.c.obj
                0x200006d8                page
 .bss.pools     0x200006dc       0x10 CMakeFiles/final.dir/C_/Users/zl823/Desktop/github/pico-sdk/src/common/pico_time/time.c.obj
 .bss.pt_sched  0x200006ec        0x4 CMakeFiles/final.dir/main.c.obj
 .bss.pt_sched1
                0x200006f0        0x4 CMakeFiles/final.dir/main.c.obj
 .bss.pt_sched_method
                0x200006f4        0x4 CMakeFiles/final.dir/main.c.obj
                0x200006f4                pt_sched_method
 .bss.pt_task_count
                0x200006f8        0x4 CMakeFiles/final.dir/main.c.obj
                0x200006f8                pt_task_count
 .bss.pt_task_count1
                0x200006fc        0x4 CMakeFiles/final.dir/main.c.obj
                0x200006fc                pt_task_count1
 .bss.pt_thread_list
                0x20000700       0x78 CMakeFiles/final.dir/main.c.obj
 .bss.pt_thread_list1
                0x20000778       0x78 CMakeFiles/final.dir/main.c.obj
 .bss.rotate_flag
                0x200007f0        0x4 CMakeFiles/final.dir/main.c.obj
                0x200007f0                rotate_flag
 .bss.sf_clz_func
                0x200007f4        0x4 CMakeFiles/final.dir/C_/Users/zl823/Desktop/github/pico-sdk/src/rp2_common/pico_double/double_init_rom.c.obj
                0x200007f4                sf_clz_func
 .bss.sleep_notifier
                0x200007f8        0x4 CMakeFiles/final.dir/C_/Users/zl823/Desktop/github/pico-sdk/src/common/pico_time/time.c.obj
 .bss.stepsPerRevolution
                0x200007fc        0x4 CMakeFiles/final.dir/main.c.obj
                0x200007fc                stepsPerRevolution
 .bss.stop      0x20000800        0x4 CMakeFiles/final.dir/main.c.obj
                0x20000800                stop
 .bss.target_hi
                0x20000804       0x10 CMakeFiles/final.dir/C_/Users/zl823/Desktop/github/pico-sdk/src/rp2_common/hardware_timer/timer.c.obj
 .bss.temp      0x20000814       0x32 CMakeFiles/final.dir/main.c.obj
                0x20000814                temp
 *fill*         0x20000846        0x2 
 .bss.temp_step
                0x20000848        0x4 CMakeFiles/final.dir/main.c.obj
                0x20000848                temp_step
 .bss.time_thread.2
                0x2000084c        0x4 CMakeFiles/final.dir/main.c.obj
 .bss.uart_char_to_line_feed
                0x20000850        0x4 CMakeFiles/final.dir/C_/Users/zl823/Desktop/github/pico-sdk/src/rp2_common/hardware_uart/uart.c.obj
                0x20000850                uart_char_to_line_feed
 .bss.uart_instance
                0x20000854        0x4 CMakeFiles/final.dir/C_/Users/zl823/Desktop/github/pico-sdk/src/rp2_common/pico_stdio_uart/stdio_uart.c.obj
 .bss.vga_data_array
                0x20000858    0x25800 CMakeFiles/final.dir/vga_graphics.c.obj
                0x20000858                vga_data_array
 .bss.cursor_x  0x20026058        0x2 CMakeFiles/final.dir/vga_graphics.c.obj
                0x20026058                cursor_x
 .bss.cursor_y  0x2002605a        0x2 CMakeFiles/final.dir/vga_graphics.c.obj
                0x2002605a                cursor_y
 .bss.textsize  0x2002605c        0x2 CMakeFiles/final.dir/vga_graphics.c.obj
                0x2002605c                textsize
 .bss.claimed   0x2002605e        0x1 CMakeFiles/final.dir/C_/Users/zl823/Desktop/github/pico-sdk/src/rp2_common/hardware_timer/timer.c.obj
 .bss.irq_hander_chain_free_slot_head
                0x2002605f        0x1 CMakeFiles/final.dir/C_/Users/zl823/Desktop/github/pico-sdk/src/rp2_common/hardware_irq/irq.c.obj
 .bss.textbgcolor
                0x20026060        0x1 CMakeFiles/final.dir/vga_graphics.c.obj
                0x20026060                textbgcolor
 .bss.textcolor
                0x20026061        0x1 CMakeFiles/final.dir/vga_graphics.c.obj
                0x20026061                textcolor
 .bss.timer_callbacks_pending
                0x20026062        0x1 CMakeFiles/final.dir/C_/Users/zl823/Desktop/github/pico-sdk/src/rp2_common/hardware_timer/timer.c.obj
 .bss.wrap      0x20026063        0x1 CMakeFiles/final.dir/vga_graphics.c.obj
                0x20026063                wrap
 *(COMMON)
                0x20026064                . = ALIGN (0x4)
                0x20026064                __bss_end__ = .

.heap           0x20026064      0x800
                0x20026064                __end__ = .
                0x20026064                end = __end__
 *(.heap*)
 .heap          0x20026064      0x800 CMakeFiles/final.dir/C_/Users/zl823/Desktop/github/pico-sdk/src/rp2_common/pico_standard_link/crt0.S.obj
                0x20026864                __HeapLimit = .

.stack1_dummy   0x20040000      0x800
 *(.stack1*)
 .stack1        0x20040000      0x800 CMakeFiles/final.dir/C_/Users/zl823/Desktop/github/pico-sdk/src/rp2_common/pico_multicore/multicore.c.obj

.stack_dummy    0x20041000      0x800
 *(.stack*)
 .stack         0x20041000      0x800 CMakeFiles/final.dir/C_/Users/zl823/Desktop/github/pico-sdk/src/rp2_common/pico_standard_link/crt0.S.obj

.flash_end      0x10007c74        0x0
                0x10007c74                PROVIDE (__flash_binary_end = .)
                0x20040000                __StackLimit = (ORIGIN (RAM) + LENGTH (RAM))
                0x20041000                __StackOneTop = (ORIGIN (SCRATCH_X) + LENGTH (SCRATCH_X))
                0x20042000                __StackTop = (ORIGIN (SCRATCH_Y) + LENGTH (SCRATCH_Y))
                0x20040800                __StackOneBottom = (__StackOneTop - SIZEOF (.stack1_dummy))
                0x20041800                __StackBottom = (__StackTop - SIZEOF (.stack_dummy))
                0x20042000                PROVIDE (__stack = __StackTop)
                0x00000001                ASSERT ((__StackLimit >= __HeapLimit), region RAM overflowed)
                0x00000001                ASSERT (((__binary_info_header_end - __logical_binary_start) <= 0x100), Binary info must be in first 256 bytes of the binary)
LOAD CMakeFiles/final.dir/main.c.obj
LOAD CMakeFiles/final.dir/vga_graphics.c.obj
LOAD CMakeFiles/final.dir/C_/Users/zl823/Desktop/github/pico-sdk/src/rp2_common/pico_stdlib/stdlib.c.obj
LOAD CMakeFiles/final.dir/C_/Users/zl823/Desktop/github/pico-sdk/src/rp2_common/hardware_gpio/gpio.c.obj
LOAD CMakeFiles/final.dir/C_/Users/zl823/Desktop/github/pico-sdk/src/rp2_common/pico_platform/platform.c.obj
LOAD CMakeFiles/final.dir/C_/Users/zl823/Desktop/github/pico-sdk/src/rp2_common/hardware_claim/claim.c.obj
LOAD CMakeFiles/final.dir/C_/Users/zl823/Desktop/github/pico-sdk/src/rp2_common/hardware_sync/sync.c.obj
LOAD CMakeFiles/final.dir/C_/Users/zl823/Desktop/github/pico-sdk/src/rp2_common/hardware_irq/irq.c.obj
LOAD CMakeFiles/final.dir/C_/Users/zl823/Desktop/github/pico-sdk/src/rp2_common/hardware_irq/irq_handler_chain.S.obj
LOAD CMakeFiles/final.dir/C_/Users/zl823/Desktop/github/pico-sdk/src/common/pico_sync/sem.c.obj
LOAD CMakeFiles/final.dir/C_/Users/zl823/Desktop/github/pico-sdk/src/common/pico_sync/lock_core.c.obj
LOAD CMakeFiles/final.dir/C_/Users/zl823/Desktop/github/pico-sdk/src/common/pico_sync/mutex.c.obj
LOAD CMakeFiles/final.dir/C_/Users/zl823/Desktop/github/pico-sdk/src/common/pico_sync/critical_section.c.obj
LOAD CMakeFiles/final.dir/C_/Users/zl823/Desktop/github/pico-sdk/src/common/pico_time/time.c.obj
LOAD CMakeFiles/final.dir/C_/Users/zl823/Desktop/github/pico-sdk/src/common/pico_time/timeout_helper.c.obj
LOAD CMakeFiles/final.dir/C_/Users/zl823/Desktop/github/pico-sdk/src/rp2_common/hardware_timer/timer.c.obj
LOAD CMakeFiles/final.dir/C_/Users/zl823/Desktop/github/pico-sdk/src/common/pico_util/datetime.c.obj
LOAD CMakeFiles/final.dir/C_/Users/zl823/Desktop/github/pico-sdk/src/common/pico_util/pheap.c.obj
LOAD CMakeFiles/final.dir/C_/Users/zl823/Desktop/github/pico-sdk/src/common/pico_util/queue.c.obj
LOAD CMakeFiles/final.dir/C_/Users/zl823/Desktop/github/pico-sdk/src/rp2_common/hardware_uart/uart.c.obj
LOAD CMakeFiles/final.dir/C_/Users/zl823/Desktop/github/pico-sdk/src/rp2_common/hardware_clocks/clocks.c.obj
LOAD CMakeFiles/final.dir/C_/Users/zl823/Desktop/github/pico-sdk/src/rp2_common/hardware_pll/pll.c.obj
LOAD CMakeFiles/final.dir/C_/Users/zl823/Desktop/github/pico-sdk/src/rp2_common/hardware_vreg/vreg.c.obj
LOAD CMakeFiles/final.dir/C_/Users/zl823/Desktop/github/pico-sdk/src/rp2_common/hardware_watchdog/watchdog.c.obj
LOAD CMakeFiles/final.dir/C_/Users/zl823/Desktop/github/pico-sdk/src/rp2_common/hardware_xosc/xosc.c.obj
LOAD CMakeFiles/final.dir/C_/Users/zl823/Desktop/github/pico-sdk/src/rp2_common/hardware_divider/divider.S.obj
LOAD CMakeFiles/final.dir/C_/Users/zl823/Desktop/github/pico-sdk/src/rp2_common/pico_runtime/runtime.c.obj
LOAD CMakeFiles/final.dir/C_/Users/zl823/Desktop/github/pico-sdk/src/rp2_common/pico_printf/printf.c.obj
LOAD CMakeFiles/final.dir/C_/Users/zl823/Desktop/github/pico-sdk/src/rp2_common/pico_bit_ops/bit_ops_aeabi.S.obj
LOAD CMakeFiles/final.dir/C_/Users/zl823/Desktop/github/pico-sdk/src/rp2_common/pico_bootrom/bootrom.c.obj
LOAD CMakeFiles/final.dir/C_/Users/zl823/Desktop/github/pico-sdk/src/rp2_common/pico_divider/divider.S.obj
LOAD CMakeFiles/final.dir/C_/Users/zl823/Desktop/github/pico-sdk/src/rp2_common/pico_double/double_aeabi.S.obj
LOAD CMakeFiles/final.dir/C_/Users/zl823/Desktop/github/pico-sdk/src/rp2_common/pico_double/double_init_rom.c.obj
LOAD CMakeFiles/final.dir/C_/Users/zl823/Desktop/github/pico-sdk/src/rp2_common/pico_double/double_math.c.obj
LOAD CMakeFiles/final.dir/C_/Users/zl823/Desktop/github/pico-sdk/src/rp2_common/pico_double/double_v1_rom_shim.S.obj
LOAD CMakeFiles/final.dir/C_/Users/zl823/Desktop/github/pico-sdk/src/rp2_common/pico_int64_ops/pico_int64_ops_aeabi.S.obj
LOAD CMakeFiles/final.dir/C_/Users/zl823/Desktop/github/pico-sdk/src/rp2_common/pico_float/float_aeabi.S.obj
LOAD CMakeFiles/final.dir/C_/Users/zl823/Desktop/github/pico-sdk/src/rp2_common/pico_float/float_init_rom.c.obj
LOAD CMakeFiles/final.dir/C_/Users/zl823/Desktop/github/pico-sdk/src/rp2_common/pico_float/float_math.c.obj
LOAD CMakeFiles/final.dir/C_/Users/zl823/Desktop/github/pico-sdk/src/rp2_common/pico_float/float_v1_rom_shim.S.obj
LOAD CMakeFiles/final.dir/C_/Users/zl823/Desktop/github/pico-sdk/src/rp2_common/pico_malloc/pico_malloc.c.obj
LOAD CMakeFiles/final.dir/C_/Users/zl823/Desktop/github/pico-sdk/src/rp2_common/pico_mem_ops/mem_ops_aeabi.S.obj
LOAD CMakeFiles/final.dir/C_/Users/zl823/Desktop/github/pico-sdk/src/rp2_common/pico_standard_link/crt0.S.obj
LOAD CMakeFiles/final.dir/C_/Users/zl823/Desktop/github/pico-sdk/src/rp2_common/pico_standard_link/new_delete.cpp.obj
LOAD CMakeFiles/final.dir/C_/Users/zl823/Desktop/github/pico-sdk/src/rp2_common/pico_standard_link/binary_info.c.obj
LOAD CMakeFiles/final.dir/C_/Users/zl823/Desktop/github/pico-sdk/src/rp2_common/pico_stdio/stdio.c.obj
LOAD CMakeFiles/final.dir/C_/Users/zl823/Desktop/github/pico-sdk/src/rp2_common/pico_stdio_uart/stdio_uart.c.obj
LOAD CMakeFiles/final.dir/C_/Users/zl823/Desktop/github/pico-sdk/src/rp2_common/pico_bootsel_via_double_reset/pico_bootsel_via_double_reset.c.obj
LOAD CMakeFiles/final.dir/C_/Users/zl823/Desktop/github/pico-sdk/src/rp2_common/pico_multicore/multicore.c.obj
LOAD CMakeFiles/final.dir/C_/Users/zl823/Desktop/github/pico-sdk/src/rp2_common/hardware_dma/dma.c.obj
LOAD CMakeFiles/final.dir/C_/Users/zl823/Desktop/github/pico-sdk/src/rp2_common/hardware_adc/adc.c.obj
LOAD CMakeFiles/final.dir/C_/Users/zl823/Desktop/github/pico-sdk/src/rp2_common/hardware_pio/pio.c.obj
LOAD CMakeFiles/final.dir/C_/Users/zl823/Desktop/github/pico-sdk/src/rp2_common/hardware_i2c/i2c.c.obj
LOAD C:\Users\zl823\AppData\Local\Temp\ccUiW5tn.o
LOAD c:/progra~2/gnuarm~1/102021~1.10/bin/../lib/gcc/arm-none-eabi/10.3.1/../../../../arm-none-eabi/lib/thumb/v6-m/nofp\libstdc++.a
LOAD c:/progra~2/gnuarm~1/102021~1.10/bin/../lib/gcc/arm-none-eabi/10.3.1/../../../../arm-none-eabi/lib/thumb/v6-m/nofp\libm.a
START GROUP
LOAD c:/progra~2/gnuarm~1/102021~1.10/bin/../lib/gcc/arm-none-eabi/10.3.1/thumb/v6-m/nofp\libgcc.a
LOAD c:/progra~2/gnuarm~1/102021~1.10/bin/../lib/gcc/arm-none-eabi/10.3.1/../../../../arm-none-eabi/lib/thumb/v6-m/nofp\libc.a
END GROUP
START GROUP
LOAD c:/progra~2/gnuarm~1/102021~1.10/bin/../lib/gcc/arm-none-eabi/10.3.1/thumb/v6-m/nofp\libgcc.a
LOAD c:/progra~2/gnuarm~1/102021~1.10/bin/../lib/gcc/arm-none-eabi/10.3.1/../../../../arm-none-eabi/lib/thumb/v6-m/nofp\libc.a
LOAD c:/progra~2/gnuarm~1/102021~1.10/bin/../lib/gcc/arm-none-eabi/10.3.1/../../../../arm-none-eabi/lib/thumb/v6-m/nofp\libnosys.a
END GROUP
LOAD c:/progra~2/gnuarm~1/102021~1.10/bin/../lib/gcc/arm-none-eabi/10.3.1/thumb/v6-m/nofp/crtend.o
LOAD c:/progra~2/gnuarm~1/102021~1.10/bin/../lib/gcc/arm-none-eabi/10.3.1/thumb/v6-m/nofp/crtn.o
OUTPUT(final.elf elf32-littlearm)
LOAD linker stubs

.ARM.attributes
                0x00000000       0x28
 .ARM.attributes
                0x00000000       0x1e c:/progra~2/gnuarm~1/102021~1.10/bin/../lib/gcc/arm-none-eabi/10.3.1/thumb/v6-m/nofp/crti.o
 .ARM.attributes
                0x0000001e       0x2c c:/progra~2/gnuarm~1/102021~1.10/bin/../lib/gcc/arm-none-eabi/10.3.1/thumb/v6-m/nofp/crtbegin.o
 .ARM.attributes
                0x0000004a       0x2c CMakeFiles/final.dir/main.c.obj
 .ARM.attributes
                0x00000076       0x2c CMakeFiles/final.dir/vga_graphics.c.obj
 .ARM.attributes
                0x000000a2       0x2c CMakeFiles/final.dir/C_/Users/zl823/Desktop/github/pico-sdk/src/rp2_common/hardware_gpio/gpio.c.obj
 .ARM.attributes
                0x000000ce       0x2c CMakeFiles/final.dir/C_/Users/zl823/Desktop/github/pico-sdk/src/rp2_common/pico_platform/platform.c.obj
 .ARM.attributes
                0x000000fa       0x2c CMakeFiles/final.dir/C_/Users/zl823/Desktop/github/pico-sdk/src/rp2_common/hardware_claim/claim.c.obj
 .ARM.attributes
                0x00000126       0x2c CMakeFiles/final.dir/C_/Users/zl823/Desktop/github/pico-sdk/src/rp2_common/hardware_sync/sync.c.obj
 .ARM.attributes
                0x00000152       0x2c CMakeFiles/final.dir/C_/Users/zl823/Desktop/github/pico-sdk/src/rp2_common/hardware_irq/irq.c.obj
 .ARM.attributes
                0x0000017e       0x22 CMakeFiles/final.dir/C_/Users/zl823/Desktop/github/pico-sdk/src/rp2_common/hardware_irq/irq_handler_chain.S.obj
 .ARM.attributes
                0x000001a0       0x2c CMakeFiles/final.dir/C_/Users/zl823/Desktop/github/pico-sdk/src/common/pico_sync/lock_core.c.obj
 .ARM.attributes
                0x000001cc       0x2c CMakeFiles/final.dir/C_/Users/zl823/Desktop/github/pico-sdk/src/common/pico_sync/mutex.c.obj
 .ARM.attributes
                0x000001f8       0x2c CMakeFiles/final.dir/C_/Users/zl823/Desktop/github/pico-sdk/src/common/pico_time/time.c.obj
 .ARM.attributes
                0x00000224       0x2c CMakeFiles/final.dir/C_/Users/zl823/Desktop/github/pico-sdk/src/rp2_common/hardware_timer/timer.c.obj
 .ARM.attributes
                0x00000250       0x2c CMakeFiles/final.dir/C_/Users/zl823/Desktop/github/pico-sdk/src/common/pico_util/pheap.c.obj
 .ARM.attributes
                0x0000027c       0x2c CMakeFiles/final.dir/C_/Users/zl823/Desktop/github/pico-sdk/src/rp2_common/hardware_uart/uart.c.obj
 .ARM.attributes
                0x000002a8       0x2c CMakeFiles/final.dir/C_/Users/zl823/Desktop/github/pico-sdk/src/rp2_common/hardware_clocks/clocks.c.obj
 .ARM.attributes
                0x000002d4       0x2c CMakeFiles/final.dir/C_/Users/zl823/Desktop/github/pico-sdk/src/rp2_common/hardware_pll/pll.c.obj
 .ARM.attributes
                0x00000300       0x2c CMakeFiles/final.dir/C_/Users/zl823/Desktop/github/pico-sdk/src/rp2_common/hardware_watchdog/watchdog.c.obj
 .ARM.attributes
                0x0000032c       0x2c CMakeFiles/final.dir/C_/Users/zl823/Desktop/github/pico-sdk/src/rp2_common/hardware_xosc/xosc.c.obj
 .ARM.attributes
                0x00000358       0x2c CMakeFiles/final.dir/C_/Users/zl823/Desktop/github/pico-sdk/src/rp2_common/pico_runtime/runtime.c.obj
 .ARM.attributes
                0x00000384       0x2c CMakeFiles/final.dir/C_/Users/zl823/Desktop/github/pico-sdk/src/rp2_common/pico_printf/printf.c.obj
 .ARM.attributes
                0x000003b0       0x22 CMakeFiles/final.dir/C_/Users/zl823/Desktop/github/pico-sdk/src/rp2_common/pico_bit_ops/bit_ops_aeabi.S.obj
 .ARM.attributes
                0x000003d2       0x2c CMakeFiles/final.dir/C_/Users/zl823/Desktop/github/pico-sdk/src/rp2_common/pico_bootrom/bootrom.c.obj
 .ARM.attributes
                0x000003fe       0x22 CMakeFiles/final.dir/C_/Users/zl823/Desktop/github/pico-sdk/src/rp2_common/pico_divider/divider.S.obj
 .ARM.attributes
                0x00000420       0x22 CMakeFiles/final.dir/C_/Users/zl823/Desktop/github/pico-sdk/src/rp2_common/pico_double/double_aeabi.S.obj
 .ARM.attributes
                0x00000442       0x2c CMakeFiles/final.dir/C_/Users/zl823/Desktop/github/pico-sdk/src/rp2_common/pico_double/double_init_rom.c.obj
 .ARM.attributes
                0x0000046e       0x2c CMakeFiles/final.dir/C_/Users/zl823/Desktop/github/pico-sdk/src/rp2_common/pico_double/double_math.c.obj
 .ARM.attributes
                0x0000049a       0x22 CMakeFiles/final.dir/C_/Users/zl823/Desktop/github/pico-sdk/src/rp2_common/pico_double/double_v1_rom_shim.S.obj
 .ARM.attributes
                0x000004bc       0x22 CMakeFiles/final.dir/C_/Users/zl823/Desktop/github/pico-sdk/src/rp2_common/pico_int64_ops/pico_int64_ops_aeabi.S.obj
 .ARM.attributes
                0x000004de       0x22 CMakeFiles/final.dir/C_/Users/zl823/Desktop/github/pico-sdk/src/rp2_common/pico_float/float_aeabi.S.obj
 .ARM.attributes
                0x00000500       0x2c CMakeFiles/final.dir/C_/Users/zl823/Desktop/github/pico-sdk/src/rp2_common/pico_float/float_init_rom.c.obj
 .ARM.attributes
                0x0000052c       0x22 CMakeFiles/final.dir/C_/Users/zl823/Desktop/github/pico-sdk/src/rp2_common/pico_float/float_v1_rom_shim.S.obj
 .ARM.attributes
                0x0000054e       0x2c CMakeFiles/final.dir/C_/Users/zl823/Desktop/github/pico-sdk/src/rp2_common/pico_malloc/pico_malloc.c.obj
 .ARM.attributes
                0x0000057a       0x22 CMakeFiles/final.dir/C_/Users/zl823/Desktop/github/pico-sdk/src/rp2_common/pico_mem_ops/mem_ops_aeabi.S.obj
 .ARM.attributes
                0x0000059c       0x22 CMakeFiles/final.dir/C_/Users/zl823/Desktop/github/pico-sdk/src/rp2_common/pico_standard_link/crt0.S.obj
 .ARM.attributes
                0x000005be       0x2c CMakeFiles/final.dir/C_/Users/zl823/Desktop/github/pico-sdk/src/rp2_common/pico_standard_link/binary_info.c.obj
 .ARM.attributes
                0x000005ea       0x2c CMakeFiles/final.dir/C_/Users/zl823/Desktop/github/pico-sdk/src/rp2_common/pico_stdio/stdio.c.obj
 .ARM.attributes
                0x00000616       0x2c CMakeFiles/final.dir/C_/Users/zl823/Desktop/github/pico-sdk/src/rp2_common/pico_stdio_uart/stdio_uart.c.obj
 .ARM.attributes
                0x00000642       0x2c CMakeFiles/final.dir/C_/Users/zl823/Desktop/github/pico-sdk/src/rp2_common/pico_bootsel_via_double_reset/pico_bootsel_via_double_reset.c.obj
 .ARM.attributes
                0x0000066e       0x2c CMakeFiles/final.dir/C_/Users/zl823/Desktop/github/pico-sdk/src/rp2_common/pico_multicore/multicore.c.obj
 .ARM.attributes
                0x0000069a       0x2c CMakeFiles/final.dir/C_/Users/zl823/Desktop/github/pico-sdk/src/rp2_common/hardware_pio/pio.c.obj
 .ARM.attributes
                0x000006c6       0x22 C:\Users\zl823\AppData\Local\Temp\ccUiW5tn.o
 .ARM.attributes
                0x000006e8       0x1e c:/progra~2/gnuarm~1/102021~1.10/bin/../lib/gcc/arm-none-eabi/10.3.1/thumb/v6-m/nofp\libgcc.a(_dvmd_tls.o)
 .ARM.attributes
                0x00000706       0x2c c:/progra~2/gnuarm~1/102021~1.10/bin/../lib/gcc/arm-none-eabi/10.3.1/../../../../arm-none-eabi/lib/thumb/v6-m/nofp\libc.a(lib_a-strlen-stub.o)

.comment        0x00000000       0x49
 .comment       0x00000000       0x49 CMakeFiles/final.dir/main.c.obj
                                 0x4a (size before relaxing)
 .comment       0x00000049       0x4a CMakeFiles/final.dir/vga_graphics.c.obj
 .comment       0x00000049       0x4a CMakeFiles/final.dir/C_/Users/zl823/Desktop/github/pico-sdk/src/rp2_common/hardware_gpio/gpio.c.obj
 .comment       0x00000049       0x4a CMakeFiles/final.dir/C_/Users/zl823/Desktop/github/pico-sdk/src/rp2_common/pico_platform/platform.c.obj
 .comment       0x00000049       0x4a CMakeFiles/final.dir/C_/Users/zl823/Desktop/github/pico-sdk/src/rp2_common/hardware_claim/claim.c.obj
 .comment       0x00000049       0x4a CMakeFiles/final.dir/C_/Users/zl823/Desktop/github/pico-sdk/src/rp2_common/hardware_sync/sync.c.obj
 .comment       0x00000049       0x4a CMakeFiles/final.dir/C_/Users/zl823/Desktop/github/pico-sdk/src/rp2_common/hardware_irq/irq.c.obj
 .comment       0x00000049       0x4a CMakeFiles/final.dir/C_/Users/zl823/Desktop/github/pico-sdk/src/common/pico_sync/lock_core.c.obj
 .comment       0x00000049       0x4a CMakeFiles/final.dir/C_/Users/zl823/Desktop/github/pico-sdk/src/common/pico_sync/mutex.c.obj
 .comment       0x00000049       0x4a CMakeFiles/final.dir/C_/Users/zl823/Desktop/github/pico-sdk/src/common/pico_time/time.c.obj
 .comment       0x00000049       0x4a CMakeFiles/final.dir/C_/Users/zl823/Desktop/github/pico-sdk/src/rp2_common/hardware_timer/timer.c.obj
 .comment       0x00000049       0x4a CMakeFiles/final.dir/C_/Users/zl823/Desktop/github/pico-sdk/src/common/pico_util/pheap.c.obj
 .comment       0x00000049       0x4a CMakeFiles/final.dir/C_/Users/zl823/Desktop/github/pico-sdk/src/rp2_common/hardware_uart/uart.c.obj
 .comment       0x00000049       0x4a CMakeFiles/final.dir/C_/Users/zl823/Desktop/github/pico-sdk/src/rp2_common/hardware_clocks/clocks.c.obj
 .comment       0x00000049       0x4a CMakeFiles/final.dir/C_/Users/zl823/Desktop/github/pico-sdk/src/rp2_common/hardware_pll/pll.c.obj
 .comment       0x00000049       0x4a CMakeFiles/final.dir/C_/Users/zl823/Desktop/github/pico-sdk/src/rp2_common/hardware_watchdog/watchdog.c.obj
 .comment       0x00000049       0x4a CMakeFiles/final.dir/C_/Users/zl823/Desktop/github/pico-sdk/src/rp2_common/hardware_xosc/xosc.c.obj
 .comment       0x00000049       0x4a CMakeFiles/final.dir/C_/Users/zl823/Desktop/github/pico-sdk/src/rp2_common/pico_runtime/runtime.c.obj
 .comment       0x00000049       0x4a CMakeFiles/final.dir/C_/Users/zl823/Desktop/github/pico-sdk/src/rp2_common/pico_printf/printf.c.obj
 .comment       0x00000049       0x4a CMakeFiles/final.dir/C_/Users/zl823/Desktop/github/pico-sdk/src/rp2_common/pico_bootrom/bootrom.c.obj
 .comment       0x00000049       0x4a CMakeFiles/final.dir/C_/Users/zl823/Desktop/github/pico-sdk/src/rp2_common/pico_double/double_init_rom.c.obj
 .comment       0x00000049       0x4a CMakeFiles/final.dir/C_/Users/zl823/Desktop/github/pico-sdk/src/rp2_common/pico_double/double_math.c.obj
 .comment       0x00000049       0x4a CMakeFiles/final.dir/C_/Users/zl823/Desktop/github/pico-sdk/src/rp2_common/pico_float/float_init_rom.c.obj
 .comment       0x00000049       0x4a CMakeFiles/final.dir/C_/Users/zl823/Desktop/github/pico-sdk/src/rp2_common/pico_malloc/pico_malloc.c.obj
 .comment       0x00000049       0x4a CMakeFiles/final.dir/C_/Users/zl823/Desktop/github/pico-sdk/src/rp2_common/pico_standard_link/binary_info.c.obj
 .comment       0x00000049       0x4a CMakeFiles/final.dir/C_/Users/zl823/Desktop/github/pico-sdk/src/rp2_common/pico_stdio/stdio.c.obj
 .comment       0x00000049       0x4a CMakeFiles/final.dir/C_/Users/zl823/Desktop/github/pico-sdk/src/rp2_common/pico_stdio_uart/stdio_uart.c.obj
 .comment       0x00000049       0x4a CMakeFiles/final.dir/C_/Users/zl823/Desktop/github/pico-sdk/src/rp2_common/pico_bootsel_via_double_reset/pico_bootsel_via_double_reset.c.obj
 .comment       0x00000049       0x4a CMakeFiles/final.dir/C_/Users/zl823/Desktop/github/pico-sdk/src/rp2_common/pico_multicore/multicore.c.obj
 .comment       0x00000049       0x4a CMakeFiles/final.dir/C_/Users/zl823/Desktop/github/pico-sdk/src/rp2_common/hardware_pio/pio.c.obj

.debug_frame    0x00000000       0x28
 .debug_frame   0x00000000       0x28 c:/progra~2/gnuarm~1/102021~1.10/bin/../lib/gcc/arm-none-eabi/10.3.1/../../../../arm-none-eabi/lib/thumb/v6-m/nofp\libc.a(lib_a-strlen-stub.o)
